Component: ARM Compiler 5.06 update 6 (build 750) Tool: armlink [4d35ed]

==============================================================================

Section Cross References

    main.o(i.UART2_IRQHandler) refers to rtx_msgqueue.o(.text.osMessageQueuePut) for osMessageQueuePut
    main.o(i.UART2_IRQHandler) refers to main.o(.data) for rx_IRQ_data
    main.o(i.main) refers to system_mkl25z4.o(i.SystemCoreClockUpdate) for SystemCoreClockUpdate
    main.o(i.main) refers to init.o(i.initGPIO) for initGPIO
    main.o(i.main) refers to init.o(i.initLED) for initLED
    main.o(i.main) refers to init.o(i.initBUZZER) for initBUZZER
    main.o(i.main) refers to init.o(i.initMotor) for initMotor
    main.o(i.main) refers to init.o(i.initUART2) for initUART2
    main.o(i.main) refers to rtx_kernel.o(.text.osKernelInitialize) for osKernelInitialize
    main.o(i.main) refers to rtx_thread.o(.text.osThreadNew) for osThreadNew
    main.o(i.main) refers to rtx_msgqueue.o(.text.osMessageQueueNew) for osMessageQueueNew
    main.o(i.main) refers to rtx_kernel.o(.text.osKernelStart) for osKernelStart
    main.o(i.main) refers to main.o(i.tGreenLED) for tGreenLED
    main.o(i.main) refers to main.o(.data) for msgGreenLED
    main.o(i.main) refers to main.o(i.tRedLED) for tRedLED
    main.o(i.main) refers to main.o(i.tBuzzer) for tBuzzer
    main.o(i.main) refers to main.o(i.tMotor) for tMotor
    main.o(i.main) refers to main.o(i.tBrain) for tBrain
    main.o(i.tBrain) refers to rtx_msgqueue.o(.text.osMessageQueueGet) for osMessageQueueGet
    main.o(i.tBrain) refers to rtx_msgqueue.o(.text.osMessageQueuePut) for osMessageQueuePut
    main.o(i.tBrain) refers to main.o(.data) for msgBrain
    main.o(i.tBuzzer) refers to rtx_msgqueue.o(.text.osMessageQueueGet) for osMessageQueueGet
    main.o(i.tBuzzer) refers to audio.o(i.changeNoteAlt) for changeNoteAlt
    main.o(i.tBuzzer) refers to audio.o(i.changeNoteMain) for changeNoteMain
    main.o(i.tBuzzer) refers to rtx_delay.o(.text.osDelay) for osDelay
    main.o(i.tBuzzer) refers to main.o(.data) for msgBuzzer
    main.o(i.tGreenLED) refers to rtx_msgqueue.o(.text.osMessageQueueGet) for osMessageQueueGet
    main.o(i.tGreenLED) refers to led_control.o(i.setGreenLED) for setGreenLED
    main.o(i.tGreenLED) refers to led_control.o(i.cycleGreenLED) for cycleGreenLED
    main.o(i.tGreenLED) refers to rtx_delay.o(.text.osDelay) for osDelay
    main.o(i.tGreenLED) refers to main.o(.data) for msgGreenLED
    main.o(i.tMotor) refers to rtx_msgqueue.o(.text.osMessageQueueGet) for osMessageQueueGet
    main.o(i.tMotor) refers to motor_control.o(i.forward) for forward
    main.o(i.tMotor) refers to motor_control.o(i.forwardRight) for forwardRight
    main.o(i.tMotor) refers to motor_control.o(i.forwardLeft) for forwardLeft
    main.o(i.tMotor) refers to motor_control.o(i.backwardRight) for backwardRight
    main.o(i.tMotor) refers to motor_control.o(i.backwardLeft) for backwardLeft
    main.o(i.tMotor) refers to motor_control.o(i.backward) for backward
    main.o(i.tMotor) refers to motor_control.o(i.clockwise) for clockwise
    main.o(i.tMotor) refers to motor_control.o(i.antiClockwise) for antiClockwise
    main.o(i.tMotor) refers to motor_control.o(i.stop) for stop
    main.o(i.tMotor) refers to main.o(.data) for msgMotor
    main.o(i.tRedLED) refers to rtx_msgqueue.o(.text.osMessageQueueGet) for osMessageQueueGet
    main.o(i.tRedLED) refers to led_control.o(i.blinkRedLED) for blinkRedLED
    main.o(i.tRedLED) refers to rtx_delay.o(.text.osDelay) for osDelay
    main.o(i.tRedLED) refers to main.o(.data) for msgRedLED
    init.o(i.initUART2) refers to uidiv.o(.text) for __aeabi_uidivmod
    init.o(i.initUART2) refers to init.o(i.__NVIC_SetPriority) for __NVIC_SetPriority
    led_control.o(i.cycleGreenLED) refers to led_control.o(i.setGreenLED) for setGreenLED
    led_control.o(i.cycleGreenLED) refers to led_control.o(i.__ARM_common_switch8) for __ARM_common_switch8
    audio.o(i.changeNoteAlt) refers to audio.o(i.setNote) for setNote
    audio.o(i.changeNoteAlt) refers to idiv.o(.text) for __aeabi_idivmod
    audio.o(i.changeNoteAlt) refers to dflti.o(.text) for __aeabi_i2d
    audio.o(i.changeNoteAlt) refers to dmul.o(.text) for __aeabi_dmul
    audio.o(i.changeNoteAlt) refers to dfixui.o(.text) for __aeabi_d2uiz
    audio.o(i.changeNoteAlt) refers to uidiv.o(.text) for __aeabi_uidivmod
    audio.o(i.changeNoteAlt) refers to rtx_delay.o(.text.osDelay) for osDelay
    audio.o(i.changeNoteAlt) refers to audio.o(.data) for currNoteAlt
    audio.o(i.changeNoteMain) refers to audio.o(i.setNote) for setNote
    audio.o(i.changeNoteMain) refers to idiv.o(.text) for __aeabi_idivmod
    audio.o(i.changeNoteMain) refers to dflti.o(.text) for __aeabi_i2d
    audio.o(i.changeNoteMain) refers to dmul.o(.text) for __aeabi_dmul
    audio.o(i.changeNoteMain) refers to dfixui.o(.text) for __aeabi_d2uiz
    audio.o(i.changeNoteMain) refers to uidiv.o(.text) for __aeabi_uidivmod
[...]
    Removing rtx_kernel.o(.ARM.exidx.text.osKernelGetInfo), (8 bytes).
    Removing rtx_kernel.o(.text.svcRtxKernelGetInfo), (56 bytes).
    Removing rtx_kernel.o(.ARM.exidx.text.svcRtxKernelGetInfo), (8 bytes).
    Removing rtx_kernel.o(.text.osKernelGetState), (48 bytes).
    Removing rtx_kernel.o(.ARM.exidx.text.osKernelGetState), (8 bytes).
    Removing rtx_kernel.o(.text.svcRtxKernelGetState), (12 bytes).
    Removing rtx_kernel.o(.ARM.exidx.text.svcRtxKernelGetState), (8 bytes).
    Removing rtx_kernel.o(.ARM.exidx.text.osKernelStart), (8 bytes).
    Removing rtx_kernel.o(.text.osKernelLock), (36 bytes).
    Removing rtx_kernel.o(.ARM.exidx.text.osKernelLock), (8 bytes).
    Removing rtx_kernel.o(.text.osKernelUnlock), (36 bytes).
    Removing rtx_kernel.o(.ARM.exidx.text.osKernelUnlock), (8 bytes).
    Removing rtx_kernel.o(.text.osKernelRestoreLock), (40 bytes).
    Removing rtx_kernel.o(.ARM.exidx.text.osKernelRestoreLock), (8 bytes).
    Removing rtx_kernel.o(.text.osKernelSuspend), (32 bytes).
    Removing rtx_kernel.o(.ARM.exidx.text.osKernelSuspend), (8 bytes).
    Removing rtx_kernel.o(.text.osKernelResume), (32 bytes).
    Removing rtx_kernel.o(.ARM.exidx.text.osKernelResume), (8 bytes).
    Removing rtx_kernel.o(.text.osKernelGetTickCount), (40 bytes).
    Removing rtx_kernel.o(.ARM.exidx.text.osKernelGetTickCount), (8 bytes).
    Removing rtx_kernel.o(.text.svcRtxKernelGetTickCount), (12 bytes).
    Removing rtx_kernel.o(.ARM.exidx.text.svcRtxKernelGetTickCount), (8 bytes).
    Removing rtx_kernel.o(.text.osKernelGetTickFreq), (40 bytes).
    Removing rtx_kernel.o(.ARM.exidx.text.osKernelGetTickFreq), (8 bytes).
    Removing rtx_kernel.o(.text.svcRtxKernelGetTickFreq), (12 bytes).
    Removing rtx_kernel.o(.ARM.exidx.text.svcRtxKernelGetTickFreq), (8 bytes).
    Removing rtx_kernel.o(.text.osKernelGetSysTimerCount), (36 bytes).
    Removing rtx_kernel.o(.ARM.exidx.text.osKernelGetSysTimerCount), (8 bytes).
    Removing rtx_kernel.o(.text.svcRtxKernelGetSysTimerCount), (44 bytes).
    Removing rtx_kernel.o(.ARM.exidx.text.svcRtxKernelGetSysTimerCount), (8 bytes).
    Removing rtx_kernel.o(.text.osKernelGetSysTimerFreq), (36 bytes).
    Removing rtx_kernel.o(.ARM.exidx.text.osKernelGetSysTimerFreq), (8 bytes).
    Removing rtx_kernel.o(.text.svcRtxKernelGetSysTimerFreq), (8 bytes).
    Removing rtx_kernel.o(.ARM.exidx.text.svcRtxKernelGetSysTimerFreq), (8 bytes).
    Removing rtx_kernel.o(.ARM.exidx.text.svcRtxKernelInitialize), (8 bytes).
    Removing rtx_kernel.o(.ARM.exidx.text.svcRtxKernelStart), (8 bytes).
    Removing rtx_kernel.o(.text.svcRtxKernelLock), (36 bytes).
    Removing rtx_kernel.o(.ARM.exidx.text.svcRtxKernelLock), (8 bytes).
    Removing rtx_kernel.o(.text.svcRtxKernelUnlock), (36 bytes).
    Removing rtx_kernel.o(.ARM.exidx.text.svcRtxKernelUnlock), (8 bytes).
    Removing rtx_kernel.o(.text.svcRtxKernelRestoreLock), (48 bytes).
    Removing rtx_kernel.o(.ARM.exidx.text.svcRtxKernelRestoreLock), (8 bytes).
    Removing rtx_kernel.o(.text.svcRtxKernelSuspend), (84 bytes).
    Removing rtx_kernel.o(.ARM.exidx.text.svcRtxKernelSuspend), (8 bytes).
    Removing rtx_kernel.o(.text.svcRtxKernelResume), (136 bytes).
    Removing rtx_kernel.o(.ARM.exidx.text.svcRtxKernelResume), (8 bytes).
    Removing rtx_thread.o(.text), (0 bytes).
    Removing rtx_thread.o(.ARM.exidx.text.osRtxThreadListPut), (8 bytes).
    Removing rtx_thread.o(.ARM.exidx.text.osRtxThreadListGet), (8 bytes).
    Removing rtx_thread.o(.text.osRtxThreadListSort), (38 bytes).
    Removing rtx_thread.o(.ARM.exidx.text.osRtxThreadListSort), (8 bytes).
    Removing rtx_thread.o(.ARM.exidx.text.osRtxThreadListRemove), (8 bytes).
    Removing rtx_thread.o(.ARM.exidx.text.osRtxThreadReadyPut), (8 bytes).
    Removing rtx_thread.o(.ARM.exidx.text.osRtxThreadDelayTick), (8 bytes).
    Removing rtx_thread.o(.ARM.exidx.text.osRtxThreadRegPtr), (8 bytes).
    Removing rtx_thread.o(.ARM.exidx.text.osRtxThreadSwitch), (8 bytes).
    Removing rtx_thread.o(.ARM.exidx.text.osRtxThreadStackCheck), (8 bytes).
    Removing rtx_thread.o(.ARM.exidx.text.osRtxThreadDispatch), (8 bytes).
    Removing rtx_thread.o(.ARM.exidx.text.osRtxThreadBlock), (8 bytes).
    Removing rtx_thread.o(.ARM.exidx.text.osRtxThreadWaitExit), (8 bytes).
    Removing rtx_thread.o(.ARM.exidx.text.osRtxThreadDelayRemove), (8 bytes).
    Removing rtx_thread.o(.ARM.exidx.text.osRtxThreadWaitEnter), (8 bytes).
    Removing rtx_thread.o(.ARM.exidx.text.osRtxThreadDelayInsert), (8 bytes).
    Removing rtx_thread.o(.ARM.exidx.text.osRtxThreadStartup), (8 bytes).
    Removing rtx_thread.o(.ARM.exidx.text.svcRtxThreadNew), (8 bytes).
    Removing rtx_thread.o(.ARM.exidx.text.osThreadNew), (8 bytes).
    Removing rtx_thread.o(.text.osThreadGetName), (36 bytes).
    Removing rtx_thread.o(.ARM.exidx.text.osThreadGetName), (8 bytes).
    Removing rtx_thread.o(.text.osThreadGetId), (40 bytes).
    Removing rtx_thread.o(.ARM.exidx.text.osThreadGetId), (8 bytes).
    Removing rtx_thread.o(.text.svcRtxThreadGetId), (12 bytes).
    Removing rtx_thread.o(.ARM.exidx.text.svcRtxThreadGetId), (8 bytes).
    Removing rtx_thread.o(.text.osThreadGetState), (40 bytes).
    Removing rtx_thread.o(.ARM.exidx.text.osThreadGetState), (8 bytes).
    Removing rtx_thread.o(.text.osThreadGetStackSize), (36 bytes).
    Removing rtx_thread.o(.ARM.exidx.text.osThreadGetStackSize), (8 bytes).
    Removing rtx_thread.o(.text.osThreadGetStackSpace), (36 bytes).
    Removing rtx_thread.o(.ARM.exidx.text.osThreadGetStackSpace), (8 bytes).
    Removing rtx_thread.o(.text.osThreadSetPriority), (40 bytes).
    Removing rtx_thread.o(.ARM.exidx.text.osThreadSetPriority), (8 bytes).
    Removing rtx_thread.o(.text.osThreadGetPriority), (40 bytes).
    Removing rtx_thread.o(.ARM.exidx.text.osThreadGetPriority), (8 bytes).
    Removing rtx_thread.o(.text.osThreadYield), (36 bytes).
    Removing rtx_thread.o(.ARM.exidx.text.osThreadYield), (8 bytes).
    Removing rtx_thread.o(.text.osThreadSuspend), (40 bytes).
    Removing rtx_thread.o(.ARM.exidx.text.osThreadSuspend), (8 bytes).
    Removing rtx_thread.o(.text.osThreadResume), (40 bytes).
    Removing rtx_thread.o(.ARM.exidx.text.osThreadResume), (8 bytes).
    Removing rtx_thread.o(.text.osThreadDetach), (40 bytes).
    Removing rtx_thread.o(.ARM.exidx.text.osThreadDetach), (8 bytes).
    Removing rtx_thread.o(.text.osThreadJoin), (40 bytes).
    Removing rtx_thread.o(.ARM.exidx.text.osThreadJoin), (8 bytes).
    Removing rtx_thread.o(.ARM.exidx.text.osThreadExit), (8 bytes).
    Removing rtx_thread.o(.text.osThreadTerminate), (40 bytes).
    Removing rtx_thread.o(.ARM.exidx.text.osThreadTerminate), (8 bytes).
    Removing rtx_thread.o(.text.osThreadGetCount), (32 bytes).
    Removing rtx_thread.o(.ARM.exidx.text.osThreadGetCount), (8 bytes).
    Removing rtx_thread.o(.text.osThreadEnumerate), (36 bytes).
    Removing rtx_thread.o(.ARM.exidx.text.osThreadEnumerate), (8 bytes).
    Removing rtx_thread.o(.text.osThreadFlagsSet), (88 bytes).
    Removing rtx_thread.o(.ARM.exidx.text.osThreadFlagsSet), (8 bytes).
    Removing rtx_thread.o(.text.osThreadFlagsClear), (40 bytes).
    Removing rtx_thread.o(.ARM.exidx.text.osThreadFlagsClear), (8 bytes).
    Removing rtx_thread.o(.text.osThreadFlagsGet), (32 bytes).
    Removing rtx_thread.o(.ARM.exidx.text.osThreadFlagsGet), (8 bytes).
    Removing rtx_thread.o(.text.osThreadFlagsWait), (40 bytes).
    Removing rtx_thread.o(.ARM.exidx.text.osThreadFlagsWait), (8 bytes).
    Removing rtx_thread.o(.ARM.exidx.text.osRtxThreadPostProcess), (8 bytes).
    Removing rtx_thread.o(.ARM.exidx.text.ThreadFlagsCheck), (8 bytes).
    Removing rtx_thread.o(.text.svcRtxThreadGetName), (18 bytes).
    Removing rtx_thread.o(.ARM.exidx.text.svcRtxThreadGetName), (8 bytes).
    Removing rtx_thread.o(.text.svcRtxThreadGetState), (24 bytes).
    Removing rtx_thread.o(.ARM.exidx.text.svcRtxThreadGetState), (8 bytes).
    Removing rtx_thread.o(.text.svcRtxThreadGetStackSize), (18 bytes).
    Removing rtx_thread.o(.ARM.exidx.text.svcRtxThreadGetStackSize), (8 bytes).
    Removing rtx_thread.o(.text.svcRtxThreadGetStackSpace), (68 bytes).
    Removing rtx_thread.o(.ARM.exidx.text.svcRtxThreadGetStackSpace), (8 bytes).
    Removing rtx_thread.o(.text.svcRtxThreadSetPriority), (72 bytes).
    Removing rtx_thread.o(.ARM.exidx.text.svcRtxThreadSetPriority), (8 bytes).
    Removing rtx_thread.o(.text.svcRtxThreadGetPriority), (28 bytes).
    Removing rtx_thread.o(.ARM.exidx.text.svcRtxThreadGetPriority), (8 bytes).
    Removing rtx_thread.o(.text.svcRtxThreadYield), (56 bytes).
    Removing rtx_thread.o(.ARM.exidx.text.svcRtxThreadYield), (8 bytes).
    Removing rtx_thread.o(.text.svcRtxThreadSuspend), (136 bytes).
    Removing rtx_thread.o(.ARM.exidx.text.svcRtxThreadSuspend), (8 bytes).
    Removing rtx_thread.o(.text.svcRtxThreadResume), (54 bytes).
    Removing rtx_thread.o(.ARM.exidx.text.svcRtxThreadResume), (8 bytes).
    Removing rtx_thread.o(.text.svcRtxThreadDetach), (58 bytes).
    Removing rtx_thread.o(.ARM.exidx.text.svcRtxThreadDetach), (8 bytes).
    Removing rtx_thread.o(.text.osRtxThreadListUnlink), (36 bytes).
    Removing rtx_thread.o(.ARM.exidx.text.osRtxThreadListUnlink), (8 bytes).
    Removing rtx_thread.o(.ARM.exidx.text.osRtxThreadFree), (8 bytes).
    Removing rtx_thread.o(.text.svcRtxThreadJoin), (92 bytes).
    Removing rtx_thread.o(.ARM.exidx.text.svcRtxThreadJoin), (8 bytes).
    Removing rtx_thread.o(.ARM.exidx.text.svcRtxThreadExit), (8 bytes).
    Removing rtx_thread.o(.text.svcRtxThreadTerminate), (188 bytes).
    Removing rtx_thread.o(.ARM.exidx.text.svcRtxThreadTerminate), (8 bytes).
    Removing rtx_thread.o(.text.svcRtxThreadGetCount), (56 bytes).
    Removing rtx_thread.o(.ARM.exidx.text.svcRtxThreadGetCount), (8 bytes).
    Removing rtx_thread.o(.text.svcRtxThreadEnumerate), (96 bytes).
    Removing rtx_thread.o(.ARM.exidx.text.svcRtxThreadEnumerate), (8 bytes).
    Removing rtx_thread.o(.text.svcRtxThreadFlagsSet), (108 bytes).
    Removing rtx_thread.o(.ARM.exidx.text.svcRtxThreadFlagsSet), (8 bytes).
    Removing rtx_thread.o(.text.svcRtxThreadFlagsClear), (56 bytes).
    Removing rtx_thread.o(.ARM.exidx.text.svcRtxThreadFlagsClear), (8 bytes).
    Removing rtx_thread.o(.text.svcRtxThreadFlagsGet), (20 bytes).
    Removing rtx_thread.o(.ARM.exidx.text.svcRtxThreadFlagsGet), (8 bytes).
    Removing rtx_thread.o(.text.svcRtxThreadFlagsWait), (80 bytes).
    Removing rtx_thread.o(.ARM.exidx.text.svcRtxThreadFlagsWait), (8 bytes).
    Removing rtx_delay.o(.text), (0 bytes).
    Removing rtx_delay.o(.ARM.exidx.text.osDelay), (8 bytes).
    Removing rtx_delay.o(.text.osDelayUntil), (40 bytes).
    Removing rtx_delay.o(.ARM.exidx.text.osDelayUntil), (8 bytes).
    Removing rtx_delay.o(.ARM.exidx.text.svcRtxDelay), (8 bytes).
    Removing rtx_delay.o(.text.svcRtxDelayUntil), (32 bytes).
    Removing rtx_delay.o(.ARM.exidx.text.svcRtxDelayUntil), (8 bytes).
    Removing rtx_msgqueue.o(.text), (0 bytes).
    Removing rtx_msgqueue.o(.ARM.exidx.text.osMessageQueueNew), (8 bytes).
    Removing rtx_msgqueue.o(.text.osMessageQueueGetName), (36 bytes).
    Removing rtx_msgqueue.o(.ARM.exidx.text.osMessageQueueGetName), (8 bytes).
    Removing rtx_msgqueue.o(.ARM.exidx.text.osMessageQueuePut), (8 bytes).
    Removing rtx_msgqueue.o(.ARM.exidx.text.osMessageQueueGet), (8 bytes).
    Removing rtx_msgqueue.o(.text.osMessageQueueGetCapacity), (48 bytes).
    Removing rtx_msgqueue.o(.ARM.exidx.text.osMessageQueueGetCapacity), (8 bytes).
    Removing rtx_msgqueue.o(.text.svcRtxMessageQueueGetCapacity), (18 bytes).
    Removing rtx_msgqueue.o(.ARM.exidx.text.svcRtxMessageQueueGetCapacity), (8 bytes).
    Removing rtx_msgqueue.o(.text.osMessageQueueGetMsgSize), (48 bytes).
    Removing rtx_msgqueue.o(.ARM.exidx.text.osMessageQueueGetMsgSize), (8 bytes).
    Removing rtx_msgqueue.o(.text.svcRtxMessageQueueGetMsgSize), (18 bytes).
    Removing rtx_msgqueue.o(.ARM.exidx.text.svcRtxMessageQueueGetMsgSize), (8 bytes).
    Removing rtx_msgqueue.o(.text.osMessageQueueGetCount), (48 bytes).
    Removing rtx_msgqueue.o(.ARM.exidx.text.osMessageQueueGetCount), (8 bytes).
    Removing rtx_msgqueue.o(.text.svcRtxMessageQueueGetCount), (18 bytes).
    Removing rtx_msgqueue.o(.ARM.exidx.text.svcRtxMessageQueueGetCount), (8 bytes).
    Removing rtx_msgqueue.o(.text.osMessageQueueGetSpace), (36 bytes).
    Removing rtx_msgqueue.o(.ARM.exidx.text.osMessageQueueGetSpace), (8 bytes).
    Removing rtx_msgqueue.o(.text.svcRtxMessageQueueGetSpace), (22 bytes).
    Removing rtx_msgqueue.o(.ARM.exidx.text.svcRtxMessageQueueGetSpace), (8 bytes).
    Removing rtx_msgqueue.o(.text.osMessageQueueReset), (40 bytes).
    Removing rtx_msgqueue.o(.ARM.exidx.text.osMessageQueueReset), (8 bytes).
    Removing rtx_msgqueue.o(.text.osMessageQueueDelete), (40 bytes).
    Removing rtx_msgqueue.o(.ARM.exidx.text.osMessageQueueDelete), (8 bytes).
    Removing rtx_msgqueue.o(.ARM.exidx.text.svcRtxMessageQueueNew), (8 bytes).
    Removing rtx_msgqueue.o(.ARM.exidx.text.osRtxMessageQueuePostProcess), (8 bytes).
    Removing rtx_msgqueue.o(.ARM.exidx.text.MessageQueueRemove), (8 bytes).
    Removing rtx_msgqueue.o(.ARM.exidx.text.MessageQueuePut), (8 bytes).
    Removing rtx_msgqueue.o(.text.svcRtxMessageQueueGetName), (18 bytes).
    Removing rtx_msgqueue.o(.ARM.exidx.text.svcRtxMessageQueueGetName), (8 bytes).
    Removing rtx_msgqueue.o(.ARM.exidx.text.svcRtxMessageQueuePut), (8 bytes).
    Removing rtx_msgqueue.o(.ARM.exidx.text.MessageQueueGet), (8 bytes).
    Removing rtx_msgqueue.o(.ARM.exidx.text.svcRtxMessageQueueGet), (8 bytes).
    Removing rtx_msgqueue.o(.text.svcRtxMessageQueueReset), (162 bytes).
    Removing rtx_msgqueue.o(.ARM.exidx.text.svcRtxMessageQueueReset), (8 bytes).
    Removing rtx_msgqueue.o(.text.svcRtxMessageQueueDelete), (112 bytes).
    Removing rtx_msgqueue.o(.ARM.exidx.text.svcRtxMessageQueueDelete), (8 bytes).
    Removing irq_cm0.o(.constdata), (1 bytes).
    Removing rtx_timer.o(.text), (0 bytes).
    Removing rtx_timer.o(.ARM.exidx.text.osRtxTimerThread), (8 bytes).
    Removing rtx_timer.o(.ARM.exidx.text.osRtxTimerTick), (8 bytes).
    Removing rtx_timer.o(.text.osTimerNew), (36 bytes).
    Removing rtx_timer.o(.ARM.exidx.text.osTimerNew), (8 bytes).
    Removing rtx_timer.o(.text.osTimerGetName), (36 bytes).
    Removing rtx_timer.o(.ARM.exidx.text.osTimerGetName), (8 bytes).
    Removing rtx_timer.o(.text.osTimerStart), (40 bytes).
    Removing rtx_timer.o(.ARM.exidx.text.osTimerStart), (8 bytes).
    Removing rtx_timer.o(.text.osTimerStop), (40 bytes).
    Removing rtx_timer.o(.ARM.exidx.text.osTimerStop), (8 bytes).
    Removing rtx_timer.o(.text.osTimerIsRunning), (36 bytes).
    Removing rtx_timer.o(.ARM.exidx.text.osTimerIsRunning), (8 bytes).
    Removing rtx_timer.o(.text.osTimerDelete), (40 bytes).
    Removing rtx_timer.o(.ARM.exidx.text.osTimerDelete), (8 bytes).
    Removing rtx_timer.o(.ARM.exidx.text.TimerInsert), (8 bytes).
    Removing rtx_timer.o(.text.svcRtxTimerNew), (132 bytes).
    Removing rtx_timer.o(.ARM.exidx.text.svcRtxTimerNew), (8 bytes).
    Removing rtx_timer.o(.text.svcRtxTimerGetName), (18 bytes).
    Removing rtx_timer.o(.ARM.exidx.text.svcRtxTimerGetName), (8 bytes).
    Removing rtx_timer.o(.text.svcRtxTimerStart), (72 bytes).
    Removing rtx_timer.o(.ARM.exidx.text.svcRtxTimerStart), (8 bytes).
    Removing rtx_timer.o(.text.TimerRemove), (40 bytes).
    Removing rtx_timer.o(.ARM.exidx.text.TimerRemove), (8 bytes).
    Removing rtx_timer.o(.text.svcRtxTimerStop), (42 bytes).
    Removing rtx_timer.o(.ARM.exidx.text.svcRtxTimerStop), (8 bytes).
    Removing rtx_timer.o(.text.svcRtxTimerIsRunning), (24 bytes).
    Removing rtx_timer.o(.ARM.exidx.text.svcRtxTimerIsRunning), (8 bytes).
    Removing rtx_timer.o(.text.svcRtxTimerDelete), (76 bytes).
    Removing rtx_timer.o(.ARM.exidx.text.svcRtxTimerDelete), (8 bytes).
    Removing rtx_mutex.o(.text), (0 bytes).
    Removing rtx_mutex.o(.ARM.exidx.text.osRtxMutexOwnerRelease), (8 bytes).
    Removing rtx_mutex.o(.text.osMutexNew), (36 bytes).
    Removing rtx_mutex.o(.ARM.exidx.text.osMutexNew), (8 bytes).
    Removing rtx_mutex.o(.text.osMutexGetName), (36 bytes).
    Removing rtx_mutex.o(.ARM.exidx.text.osMutexGetName), (8 bytes).
    Removing rtx_mutex.o(.text.osMutexAcquire), (40 bytes).
    Removing rtx_mutex.o(.ARM.exidx.text.osMutexAcquire), (8 bytes).
    Removing rtx_mutex.o(.text.osMutexRelease), (40 bytes).
    Removing rtx_mutex.o(.ARM.exidx.text.osMutexRelease), (8 bytes).
    Removing rtx_mutex.o(.text.osMutexGetOwner), (36 bytes).
    Removing rtx_mutex.o(.ARM.exidx.text.osMutexGetOwner), (8 bytes).
    Removing rtx_mutex.o(.text.osMutexDelete), (40 bytes).
    Removing rtx_mutex.o(.ARM.exidx.text.osMutexDelete), (8 bytes).
    Removing rtx_mutex.o(.text.svcRtxMutexNew), (112 bytes).
    Removing rtx_mutex.o(.ARM.exidx.text.svcRtxMutexNew), (8 bytes).
    Removing rtx_mutex.o(.text.svcRtxMutexGetName), (18 bytes).
    Removing rtx_mutex.o(.ARM.exidx.text.svcRtxMutexGetName), (8 bytes).
    Removing rtx_mutex.o(.text.svcRtxMutexAcquire), (152 bytes).
    Removing rtx_mutex.o(.ARM.exidx.text.svcRtxMutexAcquire), (8 bytes).
    Removing rtx_mutex.o(.text.svcRtxMutexRelease), (192 bytes).
    Removing rtx_mutex.o(.ARM.exidx.text.svcRtxMutexRelease), (8 bytes).
    Removing rtx_mutex.o(.text.svcRtxMutexGetOwner), (24 bytes).
    Removing rtx_mutex.o(.ARM.exidx.text.svcRtxMutexGetOwner), (8 bytes).
    Removing rtx_mutex.o(.text.svcRtxMutexDelete), (188 bytes).
    Removing rtx_mutex.o(.ARM.exidx.text.svcRtxMutexDelete), (8 bytes).
    Removing rtx_memory.o(.text), (0 bytes).
    Removing rtx_memory.o(.ARM.exidx.text.osRtxMemoryInit), (8 bytes).
    Removing rtx_memory.o(.ARM.exidx.text.osRtxMemoryAlloc), (8 bytes).
    Removing rtx_memory.o(.ARM.exidx.text.osRtxMemoryFree), (8 bytes).
    Removing rtx_mempool.o(.text), (0 bytes).
    Removing rtx_mempool.o(.ARM.exidx.text.osRtxMemoryPoolInit), (8 bytes).
    Removing rtx_mempool.o(.ARM.exidx.text.osRtxMemoryPoolAlloc), (8 bytes).
    Removing rtx_mempool.o(.ARM.exidx.text.osRtxMemoryPoolFree), (8 bytes).
    Removing rtx_mempool.o(.text.osMemoryPoolNew), (36 bytes).
    Removing rtx_mempool.o(.ARM.exidx.text.osMemoryPoolNew), (8 bytes).
    Removing rtx_mempool.o(.text.osMemoryPoolGetName), (36 bytes).
    Removing rtx_mempool.o(.ARM.exidx.text.osMemoryPoolGetName), (8 bytes).
    Removing rtx_mempool.o(.text.osMemoryPoolAlloc), (56 bytes).
    Removing rtx_mempool.o(.ARM.exidx.text.osMemoryPoolAlloc), (8 bytes).
    Removing rtx_mempool.o(.text.osMemoryPoolFree), (72 bytes).
    Removing rtx_mempool.o(.ARM.exidx.text.osMemoryPoolFree), (8 bytes).
    Removing rtx_mempool.o(.text.osMemoryPoolGetCapacity), (48 bytes).
    Removing rtx_mempool.o(.ARM.exidx.text.osMemoryPoolGetCapacity), (8 bytes).
    Removing rtx_mempool.o(.text.svcRtxMemoryPoolGetCapacity), (18 bytes).
    Removing rtx_mempool.o(.ARM.exidx.text.svcRtxMemoryPoolGetCapacity), (8 bytes).
    Removing rtx_mempool.o(.text.osMemoryPoolGetBlockSize), (48 bytes).
    Removing rtx_mempool.o(.ARM.exidx.text.osMemoryPoolGetBlockSize), (8 bytes).
    Removing rtx_mempool.o(.text.svcRtxMemoryPoolGetBlockSize), (18 bytes).
    Removing rtx_mempool.o(.ARM.exidx.text.svcRtxMemoryPoolGetBlockSize), (8 bytes).
    Removing rtx_mempool.o(.text.osMemoryPoolGetCount), (48 bytes).
    Removing rtx_mempool.o(.ARM.exidx.text.osMemoryPoolGetCount), (8 bytes).
    Removing rtx_mempool.o(.text.svcRtxMemoryPoolGetCount), (18 bytes).
    Removing rtx_mempool.o(.ARM.exidx.text.svcRtxMemoryPoolGetCount), (8 bytes).
    Removing rtx_mempool.o(.text.osMemoryPoolGetSpace), (36 bytes).
    Removing rtx_mempool.o(.ARM.exidx.text.osMemoryPoolGetSpace), (8 bytes).
    Removing rtx_mempool.o(.text.svcRtxMemoryPoolGetSpace), (22 bytes).
    Removing rtx_mempool.o(.ARM.exidx.text.svcRtxMemoryPoolGetSpace), (8 bytes).
    Removing rtx_mempool.o(.text.osMemoryPoolDelete), (40 bytes).
    Removing rtx_mempool.o(.ARM.exidx.text.osMemoryPoolDelete), (8 bytes).
    Removing rtx_mempool.o(.text.svcRtxMemoryPoolNew), (444 bytes).
    Removing rtx_mempool.o(.ARM.exidx.text.svcRtxMemoryPoolNew), (8 bytes).
    Removing rtx_mempool.o(.text.osRtxMemoryPoolPostProcess), (40 bytes).
    Removing rtx_mempool.o(.ARM.exidx.text.osRtxMemoryPoolPostProcess), (8 bytes).
    Removing rtx_mempool.o(.text.svcRtxMemoryPoolGetName), (18 bytes).
    Removing rtx_mempool.o(.ARM.exidx.text.svcRtxMemoryPoolGetName), (8 bytes).
    Removing rtx_mempool.o(.text.svcRtxMemoryPoolAlloc), (64 bytes).
    Removing rtx_mempool.o(.ARM.exidx.text.svcRtxMemoryPoolAlloc), (8 bytes).
    Removing rtx_mempool.o(.text.svcRtxMemoryPoolFree), (72 bytes).
    Removing rtx_mempool.o(.ARM.exidx.text.svcRtxMemoryPoolFree), (8 bytes).
    Removing rtx_mempool.o(.text.svcRtxMemoryPoolDelete), (112 bytes).
    Removing rtx_mempool.o(.ARM.exidx.text.svcRtxMemoryPoolDelete), (8 bytes).
    Removing rtx_system.o(.text), (0 bytes).
    Removing rtx_system.o(.ARM.exidx.text.osRtxTick_Handler), (8 bytes).
    Removing rtx_system.o(.ARM.exidx.text.osRtxPendSV_Handler), (8 bytes).
    Removing rtx_system.o(.ARM.exidx.text.osRtxPostProcess), (8 bytes).
    Removing os_systick.o(.text), (0 bytes).
    Removing os_systick.o(.ARM.exidx.text.OS_Tick_Setup), (8 bytes).
    Removing os_systick.o(.ARM.exidx.text.OS_Tick_Enable), (8 bytes).
    Removing os_systick.o(.text.OS_Tick_Disable), (40 bytes).
    Removing os_systick.o(.ARM.exidx.text.OS_Tick_Disable), (8 bytes).
    Removing os_systick.o(.ARM.exidx.text.OS_Tick_AcknowledgeIRQ), (8 bytes).
    Removing os_systick.o(.ARM.exidx.text.OS_Tick_GetIRQn), (8 bytes).
    Removing os_systick.o(.text.OS_Tick_GetClock), (12 bytes).
    Removing os_systick.o(.ARM.exidx.text.OS_Tick_GetClock), (8 bytes).
    Removing os_systick.o(.text.OS_Tick_GetInterval), (12 bytes).
    Removing os_systick.o(.ARM.exidx.text.OS_Tick_GetInterval), (8 bytes).
    Removing os_systick.o(.text.OS_Tick_GetCount), (16 bytes).
    Removing os_systick.o(.ARM.exidx.text.OS_Tick_GetCount), (8 bytes).
    Removing os_systick.o(.text.OS_Tick_GetOverflow), (16 bytes).
    Removing os_systick.o(.ARM.exidx.text.OS_Tick_GetOverflow), (8 bytes).

339 unused section(s) (total 8147 bytes) removed from the image.

==============================================================================

Image Symbol Table

    Local Symbols

    Symbol Name                              Value     Ov Type        Size  Object(Section)

    RESET                                    0x00000000   Section      192  startup_mkl25z4.o(RESET)
    ../clib/../cmprslib/zerorunl2.c          0x00000000   Number         0  __dczerorl2.o ABSOLUTE
    ../clib/microlib/division.c              0x00000000   Number         0  idiv.o ABSOLUTE
    ../clib/microlib/division.c              0x00000000   Number         0  uidiv.o ABSOLUTE
    ../clib/microlib/init/entry.s            0x00000000   Number         0  entry8b.o ABSOLUTE
    ../clib/microlib/init/entry.s            0x00000000   Number         0  entry8a.o ABSOLUTE
    ../clib/microlib/init/entry.s            0x00000000   Number         0  entry7b.o ABSOLUTE
    ../clib/microlib/init/entry.s            0x00000000   Number         0  entry7a.o ABSOLUTE
    ../clib/microlib/init/entry.s            0x00000000   Number         0  entry11b.o ABSOLUTE
    ../clib/microlib/init/entry.s            0x00000000   Number         0  entry.o ABSOLUTE
    ../clib/microlib/init/entry.s            0x00000000   Number         0  entry11a.o ABSOLUTE
    ../clib/microlib/init/entry.s            0x00000000   Number         0  entry10b.o ABSOLUTE
    ../clib/microlib/init/entry.s            0x00000000   Number         0  entry5.o ABSOLUTE
    ../clib/microlib/init/entry.s            0x00000000   Number         0  entry10a.o ABSOLUTE
    ../clib/microlib/init/entry.s            0x00000000   Number         0  entry2.o ABSOLUTE
    ../clib/microlib/init/entry.s            0x00000000   Number         0  entry9b.o ABSOLUTE
    ../clib/microlib/init/entry.s            0x00000000   Number         0  entry9a.o ABSOLUTE
    ../clib/microlib/longlong.c              0x00000000   Number         0  llushr.o ABSOLUTE
    ../clib/microlib/longlong.c              0x00000000   Number         0  llshl.o ABSOLUTE
    ../clib/microlib/string/memcpy.c         0x00000000   Number         0  memcpyb.o ABSOLUTE
    ../clib/microlib/string/memcpy.c         0x00000000   Number         0  memcpya.o ABSOLUTE
    ../clib/microlib/string/memset.c         0x00000000   Number         0  memseta.o ABSOLUTE
    ../clib/microlib/stubs.s                 0x00000000   Number         0  iusefp.o ABSOLUTE
    ../fplib/microlib/fpepilogue.c           0x00000000   Number         0  depilogue.o ABSOLUTE
    ../fplib/microlib/fpfix.c                0x00000000   Number         0  dfixui.o ABSOLUTE
    ../fplib/microlib/fpflt.c                0x00000000   Number         0  dflti.o ABSOLUTE
    ../fplib/microlib/fpmul.c                0x00000000   Number         0  dmul.o ABSOLUTE
    ..\..\..\Source\ARM\irq_cm0.s            0x00000000   Number         0  irq_cm0.o ABSOLUTE
    C:\Users\User\AppData\Local\Arm\Packs\ARM\CMSIS\5.6.0\CMSIS\RTOS2\RTX\Source\rtx_lib.c 0x00000000   Number         0  rtx_lib.o ABSOLUTE
    C:\\Users\\User\\AppData\\Local\\Arm\\Packs\\ARM\\CMSIS\\5.6.0\\CMSIS\\RTOS2\\RTX\\Source\\rtx_lib.c 0x00000000   Number         0  rtx_lib.o ABSOLUTE
    RTE\CMSIS\RTX_Config.c                   0x00000000   Number         0  rtx_config.o ABSOLUTE
    RTE\Device\MKL25Z128xxx4\startup_MKL25Z4.s 0x00000000   Number         0  startup_mkl25z4.o ABSOLUTE
    RTE\Device\MKL25Z128xxx4\system_MKL25Z4.c 0x00000000   Number         0  system_mkl25z4.o ABSOLUTE
    RTE\\CMSIS\\RTX_Config.c                 0x00000000   Number         0  rtx_config.o ABSOLUTE
    RTE\\Device\\MKL25Z128xxx4\\system_MKL25Z4.c 0x00000000   Number         0  system_mkl25z4.o ABSOLUTE
    audio.c                                  0x00000000   Number         0  audio.o ABSOLUTE
    audio.c                                  0x00000000   Number         0  audio.o ABSOLUTE
    dc.s                                     0x00000000   Number         0  dc.o ABSOLUTE
    handlers.s                               0x00000000   Number         0  handlers.o ABSOLUTE
    init.c                                   0x00000000   Number         0  init.o ABSOLUTE
    init.c                                   0x00000000   Number         0  init.o ABSOLUTE
    init.s                                   0x00000000   Number         0  init.o ABSOLUTE
    led_control.c                            0x00000000   Number         0  led_control.o ABSOLUTE
    led_control.c                            0x00000000   Number         0  led_control.o ABSOLUTE
    main.c                                   0x00000000   Number         0  main.o ABSOLUTE
    main.c                                   0x00000000   Number         0  main.o ABSOLUTE
    motor_control.c                          0x00000000   Number         0  motor_control.o ABSOLUTE
    motor_control.c                          0x00000000   Number         0  motor_control.o ABSOLUTE
    os_systick.c                             0x00000000   Number         0  os_systick.o ABSOLUTE
    rtx_delay.c                              0x00000000   Number         0  rtx_delay.o ABSOLUTE
    rtx_kernel.c                             0x00000000   Number         0  rtx_kernel.o ABSOLUTE
    rtx_memory.c                             0x00000000   Number         0  rtx_memory.o ABSOLUTE
    rtx_mempool.c                            0x00000000   Number         0  rtx_mempool.o ABSOLUTE
    rtx_msgqueue.c                           0x00000000   Number         0  rtx_msgqueue.o ABSOLUTE
    rtx_mutex.c                              0x00000000   Number         0  rtx_mutex.o ABSOLUTE
    rtx_system.c                             0x00000000   Number         0  rtx_system.o ABSOLUTE
    rtx_thread.c                             0x00000000   Number         0  rtx_thread.o ABSOLUTE
    rtx_timer.c                              0x00000000   Number         0  rtx_timer.o ABSOLUTE
    .ARM.Collect$$$$00000000                 0x000000c0   Section        0  entry.o(.ARM.Collect$$$$00000000)
    .ARM.Collect$$$$00000001                 0x000000c0   Section        4  entry2.o(.ARM.Collect$$$$00000001)
    .ARM.Collect$$$$00000004                 0x000000c4   Section        4  entry5.o(.ARM.Collect$$$$00000004)
    .ARM.Collect$$$$00000008                 0x000000c8   Section        0  entry7b.o(.ARM.Collect$$$$00000008)
    .ARM.Collect$$$$0000000A                 0x000000c8   Section        0  entry8b.o(.ARM.Collect$$$$0000000A)
    .ARM.Collect$$$$0000000B                 0x000000c8   Section        8  entry9a.o(.ARM.Collect$$$$0000000B)
    .ARM.Collect$$$$0000000D                 0x000000d0   Section        0  entry10a.o(.ARM.Collect$$$$0000000D)
    .ARM.Collect$$$$0000000F                 0x000000d0   Section        0  entry11a.o(.ARM.Collect$$$$0000000F)
    .ARM.Collect$$$$00002712                 0x000000d0   Section        4  entry2.o(.ARM.Collect$$$$00002712)
    __lit__00000000                          0x000000d0   Data           4  entry2.o(.ARM.Collect$$$$00002712)
    .text                                    0x000000d4   Section       40  startup_mkl25z4.o(.text)
    .text                                    0x000000fc   Section      164  irq_cm0.o(.text)
    .text                                    0x000001a0   Section        0  uidiv.o(.text)
    .text                                    0x000001cc   Section        0  idiv.o(.text)
    .text                                    0x000001f4   Section        0  memcpya.o(.text)
    .text                                    0x00000218   Section        0  memseta.o(.text)
    .text                                    0x0000023c   Section        0  dmul.o(.text)
    .text                                    0x0000030c   Section        0  dflti.o(.text)
    .text                                    0x00000334   Section        0  dfixui.o(.text)
    .text                                    0x00000370   Section        0  llushr.o(.text)
    .text                                    0x00000392   Section        0  iusefp.o(.text)
    .text                                    0x00000394   Section       36  init.o(.text)
    .text                                    0x000003b8   Section        0  llshl.o(.text)
    [Anonymous Symbol]                       0x000003d8   Section        0  rtx_msgqueue.o(.text.MessageQueueRemove)
    MessageQueueRemove                       0x000003d9   Thumb Code    30  rtx_msgqueue.o(.text.MessageQueueRemove)
    [Anonymous Symbol]                       0x000003f6   Section        0  os_systick.o(.text.OS_Tick_GetIRQn)
    [Anonymous Symbol]                       0x000003fc   Section        0  rtx_kernel.o(.text.osRtxKernelPreInit)
    i.__scatterload_null                     0x000003fe   Section        2  handlers.o(i.__scatterload_null)
    .ARM.__at_0x400                          0x00000400   Section       16  startup_mkl25z4.o(.ARM.__at_0x400)
    .text                                    0x00000410   Section        0  depilogue.o(.text)
    .text                                    0x000004ce   Section        0  __dczerorl2.o(.text)
    [Anonymous Symbol]                       0x00000524   Section        0  rtx_msgqueue.o(.text.MessageQueueGet)
    MessageQueueGet                          0x00000525   Thumb Code    76  rtx_msgqueue.o(.text.MessageQueueGet)
    [Anonymous Symbol]                       0x00000570   Section        0  rtx_msgqueue.o(.text.MessageQueuePut)
    MessageQueuePut                          0x00000571   Thumb Code    98  rtx_msgqueue.o(.text.MessageQueuePut)
    [Anonymous Symbol]                       0x000005d4   Section        0  os_systick.o(.text.OS_Tick_AcknowledgeIRQ)
    __arm_cp.3_0                             0x000005dc   Number         4  os_systick.o(.text.OS_Tick_AcknowledgeIRQ)
    [Anonymous Symbol]                       0x000005e0   Section        0  os_systick.o(.text.OS_Tick_Enable)
    __arm_cp.1_0                             0x00000600   Number         4  os_systick.o(.text.OS_Tick_Enable)
    __arm_cp.1_1                             0x00000604   Number         4  os_systick.o(.text.OS_Tick_Enable)
    __arm_cp.1_2                             0x00000608   Number         4  os_systick.o(.text.OS_Tick_Enable)
    [Anonymous Symbol]                       0x0000060c   Section        0  os_systick.o(.text.OS_Tick_Setup)
    __arm_cp.0_0                             0x00000648   Number         4  os_systick.o(.text.OS_Tick_Setup)
    __arm_cp.0_1                             0x0000064c   Number         4  os_systick.o(.text.OS_Tick_Setup)
    __arm_cp.0_2                             0x00000650   Number         4  os_systick.o(.text.OS_Tick_Setup)
    __arm_cp.0_3                             0x00000654   Number         4  os_systick.o(.text.OS_Tick_Setup)
    [Anonymous Symbol]                       0x00000658   Section        0  rtx_thread.o(.text.ThreadFlagsCheck)
    ThreadFlagsCheck                         0x00000659   Thumb Code    78  rtx_thread.o(.text.ThreadFlagsCheck)
    [Anonymous Symbol]                       0x000006a8   Section        0  rtx_timer.o(.text.TimerInsert)
    TimerInsert                              0x000006a9   Thumb Code    76  rtx_timer.o(.text.TimerInsert)
    __arm_cp.8_0                             0x000006f0   Number         4  rtx_timer.o(.text.TimerInsert)
    [Anonymous Symbol]                       0x000006f4   Section        0  rtx_delay.o(.text.osDelay)
    __arm_cp.0_0                             0x00000718   Number         4  rtx_delay.o(.text.osDelay)
    [Anonymous Symbol]                       0x0000071c   Section        0  rtx_kernel.o(.text.osKernelInitialize)
    __arm_cp.1_0                             0x00000740   Number         4  rtx_kernel.o(.text.osKernelInitialize)
    [Anonymous Symbol]                       0x00000744   Section        0  rtx_kernel.o(.text.osKernelStart)
    __arm_cp.6_0                             0x00000764   Number         4  rtx_kernel.o(.text.osKernelStart)
    [Anonymous Symbol]                       0x00000768   Section        0  rtx_msgqueue.o(.text.osMessageQueueGet)
    __arm_cp.3_0                             0x000007d8   Number         4  rtx_msgqueue.o(.text.osMessageQueueGet)
    [Anonymous Symbol]                       0x000007dc   Section        0  rtx_msgqueue.o(.text.osMessageQueueNew)
    __arm_cp.0_0                             0x000007fc   Number         4  rtx_msgqueue.o(.text.osMessageQueueNew)
    [Anonymous Symbol]                       0x00000800   Section        0  rtx_msgqueue.o(.text.osMessageQueuePut)
    __arm_cp.2_0                             0x00000874   Number         4  rtx_msgqueue.o(.text.osMessageQueuePut)
    [Anonymous Symbol]                       0x00000878   Section        0  rtx_memory.o(.text.osRtxMemoryAlloc)
    [Anonymous Symbol]                       0x000008f4   Section        0  rtx_memory.o(.text.osRtxMemoryFree)
    [Anonymous Symbol]                       0x00000942   Section        0  rtx_memory.o(.text.osRtxMemoryInit)
    [Anonymous Symbol]                       0x00000974   Section        0  rtx_mempool.o(.text.osRtxMemoryPoolAlloc)
    [Anonymous Symbol]                       0x000009a2   Section        0  rtx_mempool.o(.text.osRtxMemoryPoolFree)
    [Anonymous Symbol]                       0x000009dc   Section        0  rtx_mempool.o(.text.osRtxMemoryPoolInit)
    [Anonymous Symbol]                       0x00000a1a   Section        0  rtx_msgqueue.o(.text.osRtxMessageQueuePostProcess)
    osRtxMessageQueuePostProcess             0x00000a1b   Thumb Code   188  rtx_msgqueue.o(.text.osRtxMessageQueuePostProcess)
    [Anonymous Symbol]                       0x00000ad6   Section        0  rtx_mutex.o(.text.osRtxMutexOwnerRelease)
    [Anonymous Symbol]                       0x00000b1c   Section        0  rtx_system.o(.text.osRtxPendSV_Handler)
    __arm_cp.1_0                             0x00000b98   Number         4  rtx_system.o(.text.osRtxPendSV_Handler)
    [Anonymous Symbol]                       0x00000b9c   Section        0  rtx_system.o(.text.osRtxPostProcess)
    __arm_cp.2_0                             0x00000c00   Number         4  rtx_system.o(.text.osRtxPostProcess)
    __arm_cp.2_1                             0x00000c04   Number         4  rtx_system.o(.text.osRtxPostProcess)
    [Anonymous Symbol]                       0x00000c08   Section        0  rtx_thread.o(.text.osRtxThreadBlock)
    osRtxThreadBlock                         0x00000c09   Thumb Code    56  rtx_thread.o(.text.osRtxThreadBlock)
    __arm_cp.10_0                            0x00000c3c   Number         4  rtx_thread.o(.text.osRtxThreadBlock)
    [Anonymous Symbol]                       0x00000c40   Section        0  rtx_thread.o(.text.osRtxThreadDelayInsert)
    osRtxThreadDelayInsert                   0x00000c41   Thumb Code   128  rtx_thread.o(.text.osRtxThreadDelayInsert)
    __arm_cp.14_0                            0x00000cbc   Number         4  rtx_thread.o(.text.osRtxThreadDelayInsert)
    [Anonymous Symbol]                       0x00000cc0   Section        0  rtx_thread.o(.text.osRtxThreadDelayRemove)
    osRtxThreadDelayRemove                   0x00000cc1   Thumb Code    68  rtx_thread.o(.text.osRtxThreadDelayRemove)
    __arm_cp.12_0                            0x00000d00   Number         4  rtx_thread.o(.text.osRtxThreadDelayRemove)
    [Anonymous Symbol]                       0x00000d04   Section        0  rtx_thread.o(.text.osRtxThreadDelayTick)
    __arm_cp.5_0                             0x00000d38   Number         4  rtx_thread.o(.text.osRtxThreadDelayTick)
    [Anonymous Symbol]                       0x00000d3c   Section        0  rtx_thread.o(.text.osRtxThreadDispatch)
    __arm_cp.9_0                             0x00000d88   Number         4  rtx_thread.o(.text.osRtxThreadDispatch)
    [Anonymous Symbol]                       0x00000d8c   Section        0  rtx_thread.o(.text.osRtxThreadFree)
    osRtxThreadFree                          0x00000d8d   Thumb Code    84  rtx_thread.o(.text.osRtxThreadFree)
    __arm_cp.52_0                            0x00000ddc   Number         4  rtx_thread.o(.text.osRtxThreadFree)
    [Anonymous Symbol]                       0x00000de0   Section        0  rtx_thread.o(.text.osRtxThreadListGet)
    [Anonymous Symbol]                       0x00000df4   Section        0  rtx_thread.o(.text.osRtxThreadListPut)
    [Anonymous Symbol]                       0x00000e20   Section        0  rtx_thread.o(.text.osRtxThreadListRemove)
    [Anonymous Symbol]                       0x00000e38   Section        0  rtx_thread.o(.text.osRtxThreadPostProcess)
    osRtxThreadPostProcess                   0x00000e39   Thumb Code    38  rtx_thread.o(.text.osRtxThreadPostProcess)
    [Anonymous Symbol]                       0x00000e60   Section        0  rtx_thread.o(.text.osRtxThreadReadyPut)
    __arm_cp.4_0                             0x00000e74   Number         4  rtx_thread.o(.text.osRtxThreadReadyPut)
    [Anonymous Symbol]                       0x00000e78   Section        0  rtx_thread.o(.text.osRtxThreadRegPtr)
    [Anonymous Symbol]                       0x00000e80   Section        0  rtx_thread.o(.text.osRtxThreadStackCheck)
    __arm_cp.8_0                             0x00000ea4   Number         4  rtx_thread.o(.text.osRtxThreadStackCheck)
    __arm_cp.8_1                             0x00000ea8   Number         4  rtx_thread.o(.text.osRtxThreadStackCheck)
    [Anonymous Symbol]                       0x00000eac   Section        0  rtx_thread.o(.text.osRtxThreadStartup)
    __arm_cp.15_0                            0x00000edc   Number         4  rtx_thread.o(.text.osRtxThreadStartup)
    __arm_cp.15_1                            0x00000ee0   Number         4  rtx_thread.o(.text.osRtxThreadStartup)
    __arm_cp.15_2                            0x00000ee4   Number         4  rtx_thread.o(.text.osRtxThreadStartup)
    __arm_cp.15_3                            0x00000ee8   Number         4  rtx_thread.o(.text.osRtxThreadStartup)
    [Anonymous Symbol]                       0x00000eec   Section        0  rtx_thread.o(.text.osRtxThreadSwitch)
    __arm_cp.7_0                             0x00000efc   Number         4  rtx_thread.o(.text.osRtxThreadSwitch)
    [Anonymous Symbol]                       0x00000f00   Section        0  rtx_thread.o(.text.osRtxThreadWaitEnter)
    __arm_cp.13_0                            0x00000f38   Number         4  rtx_thread.o(.text.osRtxThreadWaitEnter)
    [Anonymous Symbol]                       0x00000f3c   Section        0  rtx_thread.o(.text.osRtxThreadWaitExit)
    [Anonymous Symbol]                       0x00000f60   Section        0  rtx_system.o(.text.osRtxTick_Handler)
    __arm_cp.0_0                             0x00000fd0   Number         4  rtx_system.o(.text.osRtxTick_Handler)
    [Anonymous Symbol]                       0x00000fd4   Section        0  rtx_timer.o(.text.osRtxTimerThread)
    __arm_cp.0_0                             0x00001004   Number         4  rtx_timer.o(.text.osRtxTimerThread)
    __arm_cp.0_1                             0x00001008   Number         4  rtx_timer.o(.text.osRtxTimerThread)
    __arm_cp.0_2                             0x0000100c   Number         4  rtx_timer.o(.text.osRtxTimerThread)
    [Anonymous Symbol]                       0x00001010   Section        0  rtx_timer.o(.text.osRtxTimerTick)
    osRtxTimerTick                           0x00001011   Thumb Code    96  rtx_timer.o(.text.osRtxTimerTick)
    __arm_cp.1_0                             0x0000106c   Number         4  rtx_timer.o(.text.osRtxTimerTick)
    [Anonymous Symbol]                       0x00001070   Section        0  rtx_thread.o(.text.osThreadExit)
    __arm_cp.31_0                            0x00001078   Number         4  rtx_thread.o(.text.osThreadExit)
    [Anonymous Symbol]                       0x0000107c   Section        0  rtx_thread.o(.text.osThreadNew)
    __arm_cp.17_0                            0x0000109c   Number         4  rtx_thread.o(.text.osThreadNew)
    [Anonymous Symbol]                       0x000010a0   Section        0  rtx_delay.o(.text.svcRtxDelay)
    svcRtxDelay                              0x000010a1   Thumb Code    18  rtx_delay.o(.text.svcRtxDelay)
    [Anonymous Symbol]                       0x000010b4   Section        0  rtx_kernel.o(.text.svcRtxKernelInitialize)
    svcRtxKernelInitialize                   0x000010b5   Thumb Code   328  rtx_kernel.o(.text.svcRtxKernelInitialize)
    __arm_cp.20_0                            0x000011f0   Number         4  rtx_kernel.o(.text.svcRtxKernelInitialize)
    __arm_cp.20_1                            0x000011f4   Number         4  rtx_kernel.o(.text.svcRtxKernelInitialize)
    __arm_cp.20_2                            0x000011f8   Number         4  rtx_kernel.o(.text.svcRtxKernelInitialize)
    [Anonymous Symbol]                       0x000011fc   Section        0  rtx_kernel.o(.text.svcRtxKernelStart)
    svcRtxKernelStart                        0x000011fd   Thumb Code   132  rtx_kernel.o(.text.svcRtxKernelStart)
    __arm_cp.21_0                            0x00001270   Number         4  rtx_kernel.o(.text.svcRtxKernelStart)
    __arm_cp.21_1                            0x00001274   Number         4  rtx_kernel.o(.text.svcRtxKernelStart)
    __arm_cp.21_2                            0x00001278   Number         4  rtx_kernel.o(.text.svcRtxKernelStart)
    __arm_cp.21_3                            0x0000127c   Number         4  rtx_kernel.o(.text.svcRtxKernelStart)
    [Anonymous Symbol]                       0x00001280   Section        0  rtx_msgqueue.o(.text.svcRtxMessageQueueGet)
    svcRtxMessageQueueGet                    0x00001281   Thumb Code   232  rtx_msgqueue.o(.text.svcRtxMessageQueueGet)
    __arm_cp.21_0                            0x00001364   Number         4  rtx_msgqueue.o(.text.svcRtxMessageQueueGet)
    [Anonymous Symbol]                       0x00001368   Section        0  rtx_msgqueue.o(.text.svcRtxMessageQueueNew)
    svcRtxMessageQueueNew                    0x00001369   Thumb Code   484  rtx_msgqueue.o(.text.svcRtxMessageQueueNew)
    __arm_cp.14_0                            0x00001534   Number         4  rtx_msgqueue.o(.text.svcRtxMessageQueueNew)
    __arm_cp.14_1                            0x00001538   Number         4  rtx_msgqueue.o(.text.svcRtxMessageQueueNew)
    __arm_cp.14_2                            0x0000153c   Number         4  rtx_msgqueue.o(.text.svcRtxMessageQueueNew)
    __arm_cp.14_3                            0x00001540   Number         4  rtx_msgqueue.o(.text.svcRtxMessageQueueNew)
    __arm_cp.14_4                            0x00001544   Number         4  rtx_msgqueue.o(.text.svcRtxMessageQueueNew)
    __arm_cp.14_5                            0x00001548   Number         4  rtx_msgqueue.o(.text.svcRtxMessageQueueNew)
    [Anonymous Symbol]                       0x0000154c   Section        0  rtx_msgqueue.o(.text.svcRtxMessageQueuePut)
    svcRtxMessageQueuePut                    0x0000154d   Thumb Code   188  rtx_msgqueue.o(.text.svcRtxMessageQueuePut)
    __arm_cp.19_0                            0x00001604   Number         4  rtx_msgqueue.o(.text.svcRtxMessageQueuePut)
    [Anonymous Symbol]                       0x00001608   Section        0  rtx_thread.o(.text.svcRtxThreadExit)
    svcRtxThreadExit                         0x00001609   Thumb Code   108  rtx_thread.o(.text.svcRtxThreadExit)
    __arm_cp.54_0                            0x00001670   Number         4  rtx_thread.o(.text.svcRtxThreadExit)
    [Anonymous Symbol]                       0x00001674   Section        0  rtx_thread.o(.text.svcRtxThreadNew)
    svcRtxThreadNew                          0x00001675   Thumb Code   492  rtx_thread.o(.text.svcRtxThreadNew)
    __arm_cp.16_0                            0x00001848   Number         4  rtx_thread.o(.text.svcRtxThreadNew)
    __arm_cp.16_1                            0x0000184c   Number         4  rtx_thread.o(.text.svcRtxThreadNew)
    __arm_cp.16_2                            0x00001850   Number         4  rtx_thread.o(.text.svcRtxThreadNew)
    __arm_cp.16_3                            0x00001854   Number         4  rtx_thread.o(.text.svcRtxThreadNew)
    __arm_cp.16_4                            0x00001858   Number         4  rtx_thread.o(.text.svcRtxThreadNew)
    __arm_cp.16_5                            0x0000185c   Number         4  rtx_thread.o(.text.svcRtxThreadNew)
    i.SystemCoreClockUpdate                  0x00001860   Section        0  system_mkl25z4.o(i.SystemCoreClockUpdate)
    i.SystemInit                             0x000019f0   Section        0  system_mkl25z4.o(i.SystemInit)
    i.UART2_IRQHandler                       0x000019fc   Section        0  main.o(i.UART2_IRQHandler)
    i.__ARM_clz                              0x00001a58   Section        0  depilogue.o(i.__ARM_clz)
    i.__ARM_common_switch8                   0x00001a86   Section        0  led_control.o(i.__ARM_common_switch8)
    i.__NVIC_SetPriority                     0x00001aa4   Section        0  init.o(i.__NVIC_SetPriority)
    __NVIC_SetPriority                       0x00001aa5   Thumb Code   110  init.o(i.__NVIC_SetPriority)
    i.__scatterload_copy                     0x00001b1c   Section       14  handlers.o(i.__scatterload_copy)
    i.__scatterload_zeroinit                 0x00001b2a   Section       14  handlers.o(i.__scatterload_zeroinit)
    i.antiClockwise                          0x00001b38   Section        0  motor_control.o(i.antiClockwise)
    i.backward                               0x00001b58   Section        0  motor_control.o(i.backward)
    i.backwardLeft                           0x00001b7c   Section        0  motor_control.o(i.backwardLeft)
    i.backwardRight                          0x00001ba0   Section        0  motor_control.o(i.backwardRight)
    i.blinkRedLED                            0x00001bc4   Section        0  led_control.o(i.blinkRedLED)
    i.changeNoteAlt                          0x00001bd8   Section        0  audio.o(i.changeNoteAlt)
    i.changeNoteMain                         0x00001c48   Section        0  audio.o(i.changeNoteMain)
    i.clockwise                              0x00001cb8   Section        0  motor_control.o(i.clockwise)
    i.cycleGreenLED                          0x00001cd8   Section        0  led_control.o(i.cycleGreenLED)
    i.forward                                0x00001d88   Section        0  motor_control.o(i.forward)
    i.forwardLeft                            0x00001dac   Section        0  motor_control.o(i.forwardLeft)
    i.forwardRight                           0x00001dd0   Section        0  motor_control.o(i.forwardRight)
    i.initBUZZER                             0x00001df4   Section        0  init.o(i.initBUZZER)
    i.initGPIO                               0x00001e84   Section        0  init.o(i.initGPIO)
    i.initLED                                0x00001e98   Section        0  init.o(i.initLED)
    i.initMotor                              0x00001fc4   Section        0  init.o(i.initMotor)
    i.initUART2                              0x000021c0   Section        0  init.o(i.initUART2)
    i.main                                   0x0000227c   Section        0  main.o(i.main)
    i.osRtxErrorNotify                       0x00002344   Section        0  rtx_config.o(i.osRtxErrorNotify)
    i.osRtxIdleThread                        0x00002364   Section        0  rtx_config.o(i.osRtxIdleThread)
    i.setGreenLED                            0x00002368   Section        0  led_control.o(i.setGreenLED)
    i.setNote                                0x000023d0   Section        0  audio.o(i.setNote)
    i.stop                                   0x00002408   Section        0  motor_control.o(i.stop)
    i.stopNote                               0x00002420   Section        0  audio.o(i.stopNote)
    i.tBrain                                 0x00002434   Section        0  main.o(i.tBrain)
    i.tBuzzer                                0x000024c8   Section        0  main.o(i.tBuzzer)
    i.tGreenLED                              0x000024fc   Section        0  main.o(i.tGreenLED)
    i.tMotor                                 0x00002544   Section        0  main.o(i.tMotor)
    i.tRedLED                                0x000025c0   Section        0  main.o(i.tRedLED)
    .constdata                               0x000025fc   Section      100  rtx_lib.o(.constdata)
    os_idle_thread_attr                      0x000025fc   Data          36  rtx_lib.o(.constdata)
    os_timer_thread_attr                     0x00002620   Data          36  rtx_lib.o(.constdata)
    os_timer_mq_attr                         0x00002644   Data          24  rtx_lib.o(.constdata)
    .rodata                                  0x00002660   Section      160  rtx_lib.o(.rodata)
    __tagsym$$used                           0x00002660   Number         0  rtx_lib.o(.rodata)
    __tagsym$$used                           0x000026c8   Number         0  rtx_lib.o(.rodata)
    [Anonymous Symbol]                       0x00002700   Section        0  rtx_kernel.o(.rodata.str1.4)
    .L.str                                   0x00002700   Data          11  rtx_kernel.o(.rodata.str1.4)
    .bss.os                                  0x1ffff000   Section     4160  rtx_lib.o(.bss.os)
    os_mem                                   0x1ffff000   Data        4096  rtx_lib.o(.bss.os)
    os_isr_queue                             0x20000000   Data          64  rtx_lib.o(.bss.os)
    .bss.os.msgqueue.cb                      0x20000040   Section       52  rtx_lib.o(.bss.os.msgqueue.cb)
    os_timer_mq_cb                           0x20000040   Data          52  rtx_lib.o(.bss.os.msgqueue.cb)
    .bss.os.msgqueue.mem                     0x20000074   Section       80  rtx_lib.o(.bss.os.msgqueue.mem)
    os_timer_mq_data                         0x20000074   Data          80  rtx_lib.o(.bss.os.msgqueue.mem)
    .bss.os.thread.cb                        0x200000c4   Section      136  rtx_lib.o(.bss.os.thread.cb)
    os_idle_thread_cb                        0x200000c4   Data          68  rtx_lib.o(.bss.os.thread.cb)
    os_timer_thread_cb                       0x20000108   Data          68  rtx_lib.o(.bss.os.thread.cb)
    .bss.os.thread.stack                     0x20000150   Section      512  rtx_lib.o(.bss.os.thread.stack)
    os_idle_thread_stack                     0x20000150   Data         256  rtx_lib.o(.bss.os.thread.stack)
    os_timer_thread_stack                    0x20000250   Data         256  rtx_lib.o(.bss.os.thread.stack)
    .data                                    0x20000350   Section       24  main.o(.data)
    .data                                    0x20000368   Section     1048  audio.o(.data)
    .data                                    0x20000780   Section        4  system_mkl25z4.o(.data)
    [Anonymous Symbol]                       0x20000828   Section        0  os_systick.o(.bss.PendST)
    PendST                                   0x20000828   Data           1  os_systick.o(.bss.PendST)
    STACK                                    0x20000830   Section      256  startup_mkl25z4.o(STACK)

    Global Symbols

    Symbol Name                              Value     Ov Type        Size  Object(Section)

    BuildAttributes$$THM_ISAv3M$S$PE$A:L22$X:L11$S22$IEEE1$IW$~IW$USESV6$~STKCKD$USESV7$~SHL$OSPACE$ROPI$EBA8$MICROLIB$REQ8$PRES8$EABIv2 0x00000000   Number         0  anon$$obj.o ABSOLUTE
    __ARM_use_no_argv                        0x00000000   Number         0  main.o ABSOLUTE
    __Vectors                                0x00000000   Data           4  startup_mkl25z4.o(RESET)
    .bss.os.evflags.cb$$Base                  - Undefined Weak Reference
    .bss.os.evflags.cb$$Limit                 - Undefined Weak Reference
    .bss.os.mempool.cb$$Base                  - Undefined Weak Reference
    .bss.os.mempool.cb$$Limit                 - Undefined Weak Reference
    .bss.os.mutex.cb$$Base                    - Undefined Weak Reference
    .bss.os.mutex.cb$$Limit                   - Undefined Weak Reference
    .bss.os.semaphore.cb$$Base                - Undefined Weak Reference
    .bss.os.semaphore.cb$$Limit               - Undefined Weak Reference
    .bss.os.timer.cb$$Base                    - Undefined Weak Reference
    .bss.os.timer.cb$$Limit                   - Undefined Weak Reference
    __cpp_initialize__aeabi_                  - Undefined Weak Reference
    __cxa_finalize                            - Undefined Weak Reference
    _clock_init                               - Undefined Weak Reference
    _microlib_exit                            - Undefined Weak Reference
    __Vectors_End                            0x000000c0   Data           0  startup_mkl25z4.o(RESET)
    __Vectors_Size                           0x000000c0   Number         0  startup_mkl25z4.o ABSOLUTE
    __main                                   0x000000c1   Thumb Code     0  entry.o(.ARM.Collect$$$$00000000)
    _main_stk                                0x000000c1   Thumb Code     0  entry2.o(.ARM.Collect$$$$00000001)
    _main_scatterload                        0x000000c5   Thumb Code     0  entry5.o(.ARM.Collect$$$$00000004)
    __main_after_scatterload                 0x000000c9   Thumb Code     0  entry5.o(.ARM.Collect$$$$00000004)
    _main_clock                              0x000000c9   Thumb Code     0  entry7b.o(.ARM.Collect$$$$00000008)
    _main_cpp_init                           0x000000c9   Thumb Code     0  entry8b.o(.ARM.Collect$$$$0000000A)
    _main_init                               0x000000c9   Thumb Code     0  entry9a.o(.ARM.Collect$$$$0000000B)
    __rt_final_cpp                           0x000000d1   Thumb Code     0  entry10a.o(.ARM.Collect$$$$0000000D)
    __rt_final_exit                          0x000000d1   Thumb Code     0  entry11a.o(.ARM.Collect$$$$0000000F)
    Reset_Handler                            0x000000d5   Thumb Code    12  startup_mkl25z4.o(.text)
    NMI_Handler                              0x000000e1   Thumb Code     2  startup_mkl25z4.o(.text)
    HardFault_Handler                        0x000000e3   Thumb Code     2  startup_mkl25z4.o(.text)
    ADC0_IRQHandler                          0x000000eb   Thumb Code     0  startup_mkl25z4.o(.text)
    CMP0_IRQHandler                          0x000000eb   Thumb Code     0  startup_mkl25z4.o(.text)
    DAC0_IRQHandler                          0x000000eb   Thumb Code     0  startup_mkl25z4.o(.text)
    DMA0_IRQHandler                          0x000000eb   Thumb Code     0  startup_mkl25z4.o(.text)
    DMA1_IRQHandler                          0x000000eb   Thumb Code     0  startup_mkl25z4.o(.text)
    DMA2_IRQHandler                          0x000000eb   Thumb Code     0  startup_mkl25z4.o(.text)
    DMA3_IRQHandler                          0x000000eb   Thumb Code     0  startup_mkl25z4.o(.text)
    DefaultISR                               0x000000eb   Thumb Code     0  startup_mkl25z4.o(.text)
    FTFA_IRQHandler                          0x000000eb   Thumb Code     0  startup_mkl25z4.o(.text)
    I2C0_IRQHandler                          0x000000eb   Thumb Code     0  startup_mkl25z4.o(.text)
    I2C1_IRQHandler                          0x000000eb   Thumb Code     0  startup_mkl25z4.o(.text)
    LLWU_IRQHandler                          0x000000eb   Thumb Code     0  startup_mkl25z4.o(.text)
    LPTMR0_IRQHandler                        0x000000eb   Thumb Code     0  startup_mkl25z4.o(.text)
    LVD_LVW_IRQHandler                       0x000000eb   Thumb Code     0  startup_mkl25z4.o(.text)
    MCG_IRQHandler                           0x000000eb   Thumb Code     0  startup_mkl25z4.o(.text)
    PIT_IRQHandler                           0x000000eb   Thumb Code     0  startup_mkl25z4.o(.text)
    PORTA_IRQHandler                         0x000000eb   Thumb Code     0  startup_mkl25z4.o(.text)
    PORTD_IRQHandler                         0x000000eb   Thumb Code     0  startup_mkl25z4.o(.text)
    RTC_IRQHandler                           0x000000eb   Thumb Code     0  startup_mkl25z4.o(.text)
    RTC_Seconds_IRQHandler                   0x000000eb   Thumb Code     0  startup_mkl25z4.o(.text)
    Reserved20_IRQHandler                    0x000000eb   Thumb Code     0  startup_mkl25z4.o(.text)
    Reserved39_IRQHandler                    0x000000eb   Thumb Code     0  startup_mkl25z4.o(.text)
    Reserved45_IRQHandler                    0x000000eb   Thumb Code     0  startup_mkl25z4.o(.text)
    SPI0_IRQHandler                          0x000000eb   Thumb Code     0  startup_mkl25z4.o(.text)
    SPI1_IRQHandler                          0x000000eb   Thumb Code     0  startup_mkl25z4.o(.text)
    TPM0_IRQHandler                          0x000000eb   Thumb Code     0  startup_mkl25z4.o(.text)
    TPM1_IRQHandler                          0x000000eb   Thumb Code     0  startup_mkl25z4.o(.text)
    TPM2_IRQHandler                          0x000000eb   Thumb Code     0  startup_mkl25z4.o(.text)
    TSI0_IRQHandler                          0x000000eb   Thumb Code     0  startup_mkl25z4.o(.text)
    UART0_IRQHandler                         0x000000eb   Thumb Code     0  startup_mkl25z4.o(.text)
    UART1_IRQHandler                         0x000000eb   Thumb Code     0  startup_mkl25z4.o(.text)
    USB0_IRQHandler                          0x000000eb   Thumb Code     0  startup_mkl25z4.o(.text)
    SVC_Handler                              0x000000fd   Thumb Code   132  irq_cm0.o(.text)
    PendSV_Handler                           0x00000181   Thumb Code    12  irq_cm0.o(.text)
    SysTick_Handler                          0x0000018d   Thumb Code    12  irq_cm0.o(.text)
    __aeabi_uidiv                            0x000001a1   Thumb Code     0  uidiv.o(.text)
    __aeabi_uidivmod                         0x000001a1   Thumb Code    44  uidiv.o(.text)
    __aeabi_idiv                             0x000001cd   Thumb Code     0  idiv.o(.text)
    __aeabi_idivmod                          0x000001cd   Thumb Code    40  idiv.o(.text)
    __aeabi_memcpy                           0x000001f5   Thumb Code    36  memcpya.o(.text)
    __aeabi_memcpy4                          0x000001f5   Thumb Code     0  memcpya.o(.text)
    __aeabi_memcpy8                          0x000001f5   Thumb Code     0  memcpya.o(.text)
    __aeabi_memset                           0x00000219   Thumb Code    14  memseta.o(.text)
    __aeabi_memset4                          0x00000219   Thumb Code     0  memseta.o(.text)
    __aeabi_memset8                          0x00000219   Thumb Code     0  memseta.o(.text)
    __aeabi_memclr                           0x00000227   Thumb Code     4  memseta.o(.text)
    __aeabi_memclr4                          0x00000227   Thumb Code     0  memseta.o(.text)
    __aeabi_memclr8                          0x00000227   Thumb Code     0  memseta.o(.text)
    _memset$wrapper                          0x0000022b   Thumb Code    18  memseta.o(.text)
    __aeabi_dmul                             0x0000023d   Thumb Code   202  dmul.o(.text)
    __aeabi_i2d                              0x0000030d   Thumb Code    34  dflti.o(.text)
    __aeabi_d2uiz                            0x00000335   Thumb Code    50  dfixui.o(.text)
    __aeabi_llsr                             0x00000371   Thumb Code    34  llushr.o(.text)
    _ll_ushift_r                             0x00000371   Thumb Code     0  llushr.o(.text)
    __I$use$fp                               0x00000393   Thumb Code     0  iusefp.o(.text)
    __scatterload                            0x00000395   Thumb Code    28  init.o(.text)
    __scatterload_rt2                        0x00000395   Thumb Code     0  init.o(.text)
    __aeabi_llsl                             0x000003b9   Thumb Code    32  llshl.o(.text)
    _ll_shift_l                              0x000003b9   Thumb Code     0  llshl.o(.text)
    OS_Tick_GetIRQn                          0x000003f7   Thumb Code     6  os_systick.o(.text.OS_Tick_GetIRQn)
    osRtxKernelPreInit                       0x000003fd   Thumb Code     2  rtx_kernel.o(.text.osRtxKernelPreInit)
    __scatterload_null                       0x000003ff   Thumb Code     2  handlers.o(i.__scatterload_null)
    _double_round                            0x00000411   Thumb Code    26  depilogue.o(.text)
    _double_epilogue                         0x0000042b   Thumb Code   164  depilogue.o(.text)
    __decompress                             0x000004cf   Thumb Code     0  __dczerorl2.o(.text)
    __decompress1                            0x000004cf   Thumb Code    86  __dczerorl2.o(.text)
    OS_Tick_AcknowledgeIRQ                   0x000005d5   Thumb Code    12  os_systick.o(.text.OS_Tick_AcknowledgeIRQ)
    OS_Tick_Enable                           0x000005e1   Thumb Code    44  os_systick.o(.text.OS_Tick_Enable)
    OS_Tick_Setup                            0x0000060d   Thumb Code    76  os_systick.o(.text.OS_Tick_Setup)
    osDelay                                  0x000006f5   Thumb Code    40  rtx_delay.o(.text.osDelay)
    osKernelInitialize                       0x0000071d   Thumb Code    40  rtx_kernel.o(.text.osKernelInitialize)
    osKernelStart                            0x00000745   Thumb Code    36  rtx_kernel.o(.text.osKernelStart)
    osMessageQueueGet                        0x00000769   Thumb Code   116  rtx_msgqueue.o(.text.osMessageQueueGet)
    osMessageQueueNew                        0x000007dd   Thumb Code    36  rtx_msgqueue.o(.text.osMessageQueueNew)
    osMessageQueuePut                        0x00000801   Thumb Code   120  rtx_msgqueue.o(.text.osMessageQueuePut)
    osRtxMemoryAlloc                         0x00000879   Thumb Code   124  rtx_memory.o(.text.osRtxMemoryAlloc)
    osRtxMemoryFree                          0x000008f5   Thumb Code    78  rtx_memory.o(.text.osRtxMemoryFree)
    osRtxMemoryInit                          0x00000943   Thumb Code    50  rtx_memory.o(.text.osRtxMemoryInit)
    osRtxMemoryPoolAlloc                     0x00000975   Thumb Code    46  rtx_mempool.o(.text.osRtxMemoryPoolAlloc)
    osRtxMemoryPoolFree                      0x000009a3   Thumb Code    58  rtx_mempool.o(.text.osRtxMemoryPoolFree)
    osRtxMemoryPoolInit                      0x000009dd   Thumb Code    62  rtx_mempool.o(.text.osRtxMemoryPoolInit)
    osRtxMutexOwnerRelease                   0x00000ad7   Thumb Code    68  rtx_mutex.o(.text.osRtxMutexOwnerRelease)
    osRtxPendSV_Handler                      0x00000b1d   Thumb Code   128  rtx_system.o(.text.osRtxPendSV_Handler)
    osRtxPostProcess                         0x00000b9d   Thumb Code   108  rtx_system.o(.text.osRtxPostProcess)
    osRtxThreadDelayTick                     0x00000d05   Thumb Code    56  rtx_thread.o(.text.osRtxThreadDelayTick)
    osRtxThreadDispatch                      0x00000d3d   Thumb Code    80  rtx_thread.o(.text.osRtxThreadDispatch)
    osRtxThreadListGet                       0x00000de1   Thumb Code    20  rtx_thread.o(.text.osRtxThreadListGet)
    osRtxThreadListPut                       0x00000df5   Thumb Code    44  rtx_thread.o(.text.osRtxThreadListPut)
    osRtxThreadListRemove                    0x00000e21   Thumb Code    24  rtx_thread.o(.text.osRtxThreadListRemove)
    osRtxThreadReadyPut                      0x00000e61   Thumb Code    24  rtx_thread.o(.text.osRtxThreadReadyPut)
    osRtxThreadRegPtr                        0x00000e79   Thumb Code     6  rtx_thread.o(.text.osRtxThreadRegPtr)
    osRtxThreadStackCheck                    0x00000e81   Thumb Code    44  rtx_thread.o(.text.osRtxThreadStackCheck)
    osRtxThreadStartup                       0x00000ead   Thumb Code    64  rtx_thread.o(.text.osRtxThreadStartup)
    osRtxThreadSwitch                        0x00000eed   Thumb Code    20  rtx_thread.o(.text.osRtxThreadSwitch)
    osRtxThreadWaitEnter                     0x00000f01   Thumb Code    60  rtx_thread.o(.text.osRtxThreadWaitEnter)
    osRtxThreadWaitExit                      0x00000f3d   Thumb Code    34  rtx_thread.o(.text.osRtxThreadWaitExit)
    osRtxTick_Handler                        0x00000f61   Thumb Code   116  rtx_system.o(.text.osRtxTick_Handler)
    osRtxTimerThread                         0x00000fd5   Thumb Code    60  rtx_timer.o(.text.osRtxTimerThread)
    osThreadExit                             0x00001071   Thumb Code    12  rtx_thread.o(.text.osThreadExit)
    osThreadNew                              0x0000107d   Thumb Code    36  rtx_thread.o(.text.osThreadNew)
    SystemCoreClockUpdate                    0x00001861   Thumb Code   372  system_mkl25z4.o(i.SystemCoreClockUpdate)
    SystemInit                               0x000019f1   Thumb Code     8  system_mkl25z4.o(i.SystemInit)
    UART2_IRQHandler                         0x000019fd   Thumb Code    74  main.o(i.UART2_IRQHandler)
    __ARM_clz                                0x00001a59   Thumb Code    46  depilogue.o(i.__ARM_clz)
    __ARM_common_switch8                     0x00001a87   Thumb Code    28  led_control.o(i.__ARM_common_switch8)
    __scatterload_copy                       0x00001b1d   Thumb Code    14  handlers.o(i.__scatterload_copy)
    __scatterload_zeroinit                   0x00001b2b   Thumb Code    14  handlers.o(i.__scatterload_zeroinit)
    antiClockwise                            0x00001b39   Thumb Code    20  motor_control.o(i.antiClockwise)
    backward                                 0x00001b59   Thumb Code    22  motor_control.o(i.backward)
    backwardLeft                             0x00001b7d   Thumb Code    24  motor_control.o(i.backwardLeft)
    backwardRight                            0x00001ba1   Thumb Code    24  motor_control.o(i.backwardRight)
    blinkRedLED                              0x00001bc5   Thumb Code    16  led_control.o(i.blinkRedLED)
    changeNoteAlt                            0x00001bd9   Thumb Code    90  audio.o(i.changeNoteAlt)
    changeNoteMain                           0x00001c49   Thumb Code    90  audio.o(i.changeNoteMain)
    clockwise                                0x00001cb9   Thumb Code    20  motor_control.o(i.clockwise)
    cycleGreenLED                            0x00001cd9   Thumb Code   170  led_control.o(i.cycleGreenLED)
    forward                                  0x00001d89   Thumb Code    22  motor_control.o(i.forward)
    forwardLeft                              0x00001dad   Thumb Code    24  motor_control.o(i.forwardLeft)
    forwardRight                             0x00001dd1   Thumb Code    24  motor_control.o(i.forwardRight)
    initBUZZER                               0x00001df5   Thumb Code   128  init.o(i.initBUZZER)
    initGPIO                                 0x00001e85   Thumb Code    16  init.o(i.initGPIO)
    initLED                                  0x00001e99   Thumb Code   280  init.o(i.initLED)
    initMotor                                0x00001fc5   Thumb Code   480  init.o(i.initMotor)
    initUART2                                0x000021c1   Thumb Code   166  init.o(i.initUART2)
    main                                     0x0000227d   Thumb Code   160  main.o(i.main)
    osRtxErrorNotify                         0x00002345   Thumb Code    32  rtx_config.o(i.osRtxErrorNotify)
    osRtxIdleThread                          0x00002365   Thumb Code     4  rtx_config.o(i.osRtxIdleThread)
    setGreenLED                              0x00002369   Thumb Code    96  led_control.o(i.setGreenLED)
    setNote                                  0x000023d1   Thumb Code    46  audio.o(i.setNote)
    stop                                     0x00002409   Thumb Code    16  motor_control.o(i.stop)
    stopNote                                 0x00002421   Thumb Code    16  audio.o(i.stopNote)
    tBrain                                   0x00002435   Thumb Code   126  main.o(i.tBrain)
    tBuzzer                                  0x000024c9   Thumb Code    48  main.o(i.tBuzzer)
    tGreenLED                                0x000024fd   Thumb Code    66  main.o(i.tGreenLED)
    tMotor                                   0x00002545   Thumb Code   120  main.o(i.tMotor)
    tRedLED                                  0x000025c1   Thumb Code    54  main.o(i.tRedLED)
    osRtxUserSVC                             0x0000265c   Data           4  rtx_lib.o(.constdata)
    osRtxConfig                              0x00002660   Data         104  rtx_lib.o(.rodata)
    os_cb_sections                           0x000026c8   Data          56  rtx_lib.o(.rodata)
    Region$$Table$$Base                      0x0000270c   Number         0  anon$$obj.o(Region$$Table)
    Region$$Table$$Limit                     0x0000272c   Number         0  anon$$obj.o(Region$$Table)
    .bss.os.msgqueue.cb$$Base                0x20000040   Number         0  rtx_lib.o(.bss.os.msgqueue.cb)
    .bss.os.msgqueue.cb$$Limit               0x20000074   Number         0  rtx_lib.o(.bss.os.msgqueue.cb)
    .bss.os.thread.cb$$Base                  0x200000c4   Number         0  rtx_lib.o(.bss.os.thread.cb)
    .bss.os.thread.cb$$Limit                 0x2000014c   Number         0  rtx_lib.o(.bss.os.thread.cb)
    rx_IRQ_data                              0x20000350   Data           1  main.o(.data)
    msgGreenLED                              0x20000354   Data           4  main.o(.data)
    msgRedLED                                0x20000358   Data           4  main.o(.data)
    msgBuzzer                                0x2000035c   Data           4  main.o(.data)
    msgMotor                                 0x20000360   Data           4  main.o(.data)
    msgBrain                                 0x20000364   Data           4  main.o(.data)
    currNoteAlt                              0x20000368   Data           4  audio.o(.data)
    currNoteMain                             0x2000036c   Data           4  audio.o(.data)
    tetrisMelody                             0x20000370   Data         396  audio.o(.data)
    tetrisDurations                          0x200004fc   Data         396  audio.o(.data)
    pacmanMelody                             0x20000688   Data         124  audio.o(.data)
    pacmanDurations                          0x20000704   Data         124  audio.o(.data)
    SystemCoreClock                          0x20000780   Data           4  system_mkl25z4.o(.data)
    osRtxInfo                                0x20000784   Data         164  rtx_kernel.o(.data.os)
    __initial_sp                             0x20000930   Data           0  startup_mkl25z4.o(STACK)



==============================================================================

Memory Map of the image

  Image Entry point : 0x000000d5

  Load Region LR_1 (Base: 0x00000000, Size: 0x00003f54, Max: 0xffffffff, ABSOLUTE, COMPRESSED[0x00002824])

    Execution Region ER_RO (Exec base: 0x00000000, Load base: 0x00000000, Size: 0x0000272c, Max: 0xffffffff, ABSOLUTE)

    Exec Addr    Load Addr    Size         Type   Attr      Idx    E Section Name        Object

    0x00000000   0x00000000   0x000000c0   Data   RO          381    RESET               startup_mkl25z4.o
    0x000000c0   0x000000c0   0x00000000   Code   RO          885  * .ARM.Collect$$$$00000000  mc_p.l(entry.o)
    0x000000c0   0x000000c0   0x00000004   Code   RO          904    .ARM.Collect$$$$00000001  mc_p.l(entry2.o)
    0x000000c4   0x000000c4   0x00000004   Code   RO          907    .ARM.Collect$$$$00000004  mc_p.l(entry5.o)
    0x000000c8   0x000000c8   0x00000000   Code   RO          909    .ARM.Collect$$$$00000008  mc_p.l(entry7b.o)
    0x000000c8   0x000000c8   0x00000000   Code   RO          911    .ARM.Collect$$$$0000000A  mc_p.l(entry8b.o)
    0x000000c8   0x000000c8   0x00000008   Code   RO          912    .ARM.Collect$$$$0000000B  mc_p.l(entry9a.o)
    0x000000d0   0x000000d0   0x00000000   Code   RO          914    .ARM.Collect$$$$0000000D  mc_p.l(entry10a.o)
    0x000000d0   0x000000d0   0x00000000   Code   RO          916    .ARM.Collect$$$$0000000F  mc_p.l(entry11a.o)
    0x000000d0   0x000000d0   0x00000004   Code   RO          905    .ARM.Collect$$$$00002712  mc_p.l(entry2.o)
    0x000000d4   0x000000d4   0x00000028   Code   RO          383  * .text               startup_mkl25z4.o
    0x000000fc   0x000000fc   0x000000a4   Code   RO          694    .text               RTX_CM0.lib(irq_cm0.o)
    0x000001a0   0x000001a0   0x0000002c   Code   RO          888    .text               mc_p.l(uidiv.o)
    0x000001cc   0x000001cc   0x00000028   Code   RO          890    .text               mc_p.l(idiv.o)
    0x000001f4   0x000001f4   0x00000024   Code   RO          892    .text               mc_p.l(memcpya.o)
    0x00000218   0x00000218   0x00000024   Code   RO          894    .text               mc_p.l(memseta.o)
    0x0000023c   0x0000023c   0x000000d0   Code   RO          898    .text               mf_p.l(dmul.o)
    0x0000030c   0x0000030c   0x00000028   Code   RO          900    .text               mf_p.l(dflti.o)
    0x00000334   0x00000334   0x0000003c   Code   RO          902    .text               mf_p.l(dfixui.o)
    0x00000370   0x00000370   0x00000022   Code   RO          918    .text               mc_p.l(llushr.o)
    0x00000392   0x00000392   0x00000000   Code   RO          920    .text               mc_p.l(iusefp.o)
    0x00000392   0x00000392   0x00000002   PAD
    0x00000394   0x00000394   0x00000024   Code   RO          925    .text               mc_p.l(init.o)
    0x000003b8   0x000003b8   0x00000020   Code   RO          927    .text               mc_p.l(llshl.o)
    0x000003d8   0x000003d8   0x0000001e   Code   RO          669    .text.MessageQueueRemove  RTX_CM0.lib(rtx_msgqueue.o)
    0x000003f6   0x000003f6   0x00000006   Code   RO          866    .text.OS_Tick_GetIRQn  RTX_CM0.lib(os_systick.o)
    0x000003fc   0x000003fc   0x00000002   Code   RO          422    .text.osRtxKernelPreInit  RTX_CM0.lib(rtx_kernel.o)
    0x000003fe   0x000003fe   0x00000002   Code   RO          932    i.__scatterload_null  mc_p.l(handlers.o)
    0x00000400   0x00000400   0x00000010   Code   RO          382    .ARM.__at_0x400     startup_mkl25z4.o
    0x00000410   0x00000410   0x000000be   Code   RO          921    .text               mf_p.l(depilogue.o)
    0x000004ce   0x000004ce   0x00000056   Code   RO          937    .text               mc_p.l(__dczerorl2.o)
    0x00000524   0x00000524   0x0000004c   Code   RO          677    .text.MessageQueueGet  RTX_CM0.lib(rtx_msgqueue.o)
    0x00000570   0x00000570   0x00000062   Code   RO          671    .text.MessageQueuePut  RTX_CM0.lib(rtx_msgqueue.o)
    0x000005d2   0x000005d2   0x00000002   PAD
    0x000005d4   0x000005d4   0x0000000c   Code   RO          864    .text.OS_Tick_AcknowledgeIRQ  RTX_CM0.lib(os_systick.o)
    0x000005e0   0x000005e0   0x0000002c   Code   RO          860    .text.OS_Tick_Enable  RTX_CM0.lib(os_systick.o)
    0x0000060c   0x0000060c   0x0000004c   Code   RO          858    .text.OS_Tick_Setup  RTX_CM0.lib(os_systick.o)
    0x00000658   0x00000658   0x0000004e   Code   RO          567    .text.ThreadFlagsCheck  RTX_CM0.lib(rtx_thread.o)
    0x000006a6   0x000006a6   0x00000002   PAD
    0x000006a8   0x000006a8   0x0000004c   Code   RO          715    .text.TimerInsert   RTX_CM0.lib(rtx_timer.o)
    0x000006f4   0x000006f4   0x00000028   Code   RO          620    .text.osDelay       RTX_CM0.lib(rtx_delay.o)
    0x0000071c   0x0000071c   0x00000028   Code   RO          424    .text.osKernelInitialize  RTX_CM0.lib(rtx_kernel.o)
    0x00000744   0x00000744   0x00000024   Code   RO          434    .text.osKernelStart  RTX_CM0.lib(rtx_kernel.o)
    0x00000768   0x00000768   0x00000074   Code   RO          643    .text.osMessageQueueGet  RTX_CM0.lib(rtx_msgqueue.o)
    0x000007dc   0x000007dc   0x00000024   Code   RO          637    .text.osMessageQueueNew  RTX_CM0.lib(rtx_msgqueue.o)
    0x00000800   0x00000800   0x00000078   Code   RO          641    .text.osMessageQueuePut  RTX_CM0.lib(rtx_msgqueue.o)
    0x00000878   0x00000878   0x0000007c   Code   RO          777    .text.osRtxMemoryAlloc  RTX_CM0.lib(rtx_memory.o)
    0x000008f4   0x000008f4   0x0000004e   Code   RO          779    .text.osRtxMemoryFree  RTX_CM0.lib(rtx_memory.o)
    0x00000942   0x00000942   0x00000032   Code   RO          775    .text.osRtxMemoryInit  RTX_CM0.lib(rtx_memory.o)
    0x00000974   0x00000974   0x0000002e   Code   RO          792    .text.osRtxMemoryPoolAlloc  RTX_CM0.lib(rtx_mempool.o)
    0x000009a2   0x000009a2   0x0000003a   Code   RO          794    .text.osRtxMemoryPoolFree  RTX_CM0.lib(rtx_mempool.o)
    0x000009dc   0x000009dc   0x0000003e   Code   RO          790    .text.osRtxMemoryPoolInit  RTX_CM0.lib(rtx_mempool.o)
    0x00000a1a   0x00000a1a   0x000000bc   Code   RO          667    .text.osRtxMessageQueuePostProcess  RTX_CM0.lib(rtx_msgqueue.o)
    0x00000ad6   0x00000ad6   0x00000044   Code   RO          740    .text.osRtxMutexOwnerRelease  RTX_CM0.lib(rtx_mutex.o)
    0x00000b1a   0x00000b1a   0x00000002   PAD
    0x00000b1c   0x00000b1c   0x00000080   Code   RO          845    .text.osRtxPendSV_Handler  RTX_CM0.lib(rtx_system.o)
    0x00000b9c   0x00000b9c   0x0000006c   Code   RO          847    .text.osRtxPostProcess  RTX_CM0.lib(rtx_system.o)
    0x00000c08   0x00000c08   0x00000038   Code   RO          507    .text.osRtxThreadBlock  RTX_CM0.lib(rtx_thread.o)
    0x00000c40   0x00000c40   0x00000080   Code   RO          515    .text.osRtxThreadDelayInsert  RTX_CM0.lib(rtx_thread.o)
    0x00000cc0   0x00000cc0   0x00000044   Code   RO          511    .text.osRtxThreadDelayRemove  RTX_CM0.lib(rtx_thread.o)
    0x00000d04   0x00000d04   0x00000038   Code   RO          497    .text.osRtxThreadDelayTick  RTX_CM0.lib(rtx_thread.o)
    0x00000d3c   0x00000d3c   0x00000050   Code   RO          505    .text.osRtxThreadDispatch  RTX_CM0.lib(rtx_thread.o)
    0x00000d8c   0x00000d8c   0x00000054   Code   RO          591    .text.osRtxThreadFree  RTX_CM0.lib(rtx_thread.o)
    0x00000de0   0x00000de0   0x00000014   Code   RO          489    .text.osRtxThreadListGet  RTX_CM0.lib(rtx_thread.o)
    0x00000df4   0x00000df4   0x0000002c   Code   RO          487    .text.osRtxThreadListPut  RTX_CM0.lib(rtx_thread.o)
    0x00000e20   0x00000e20   0x00000018   Code   RO          493    .text.osRtxThreadListRemove  RTX_CM0.lib(rtx_thread.o)
    0x00000e38   0x00000e38   0x00000026   Code   RO          565    .text.osRtxThreadPostProcess  RTX_CM0.lib(rtx_thread.o)
    0x00000e5e   0x00000e5e   0x00000002   PAD
    0x00000e60   0x00000e60   0x00000018   Code   RO          495    .text.osRtxThreadReadyPut  RTX_CM0.lib(rtx_thread.o)
    0x00000e78   0x00000e78   0x00000006   Code   RO          499    .text.osRtxThreadRegPtr  RTX_CM0.lib(rtx_thread.o)
    0x00000e7e   0x00000e7e   0x00000002   PAD
    0x00000e80   0x00000e80   0x0000002c   Code   RO          503    .text.osRtxThreadStackCheck  RTX_CM0.lib(rtx_thread.o)
    0x00000eac   0x00000eac   0x00000040   Code   RO          517    .text.osRtxThreadStartup  RTX_CM0.lib(rtx_thread.o)
    0x00000eec   0x00000eec   0x00000014   Code   RO          501    .text.osRtxThreadSwitch  RTX_CM0.lib(rtx_thread.o)
    0x00000f00   0x00000f00   0x0000003c   Code   RO          513    .text.osRtxThreadWaitEnter  RTX_CM0.lib(rtx_thread.o)
    0x00000f3c   0x00000f3c   0x00000022   Code   RO          509    .text.osRtxThreadWaitExit  RTX_CM0.lib(rtx_thread.o)
    0x00000f5e   0x00000f5e   0x00000002   PAD
    0x00000f60   0x00000f60   0x00000074   Code   RO          843    .text.osRtxTick_Handler  RTX_CM0.lib(rtx_system.o)
    0x00000fd4   0x00000fd4   0x0000003c   Code   RO          699    .text.osRtxTimerThread  RTX_CM0.lib(rtx_timer.o)
    0x00001010   0x00001010   0x00000060   Code   RO          701    .text.osRtxTimerTick  RTX_CM0.lib(rtx_timer.o)
    0x00001070   0x00001070   0x0000000c   Code   RO          549    .text.osThreadExit  RTX_CM0.lib(rtx_thread.o)
    0x0000107c   0x0000107c   0x00000024   Code   RO          521    .text.osThreadNew   RTX_CM0.lib(rtx_thread.o)
    0x000010a0   0x000010a0   0x00000012   Code   RO          624    .text.svcRtxDelay   RTX_CM0.lib(rtx_delay.o)
    0x000010b2   0x000010b2   0x00000002   PAD
    0x000010b4   0x000010b4   0x00000148   Code   RO          462    .text.svcRtxKernelInitialize  RTX_CM0.lib(rtx_kernel.o)
    0x000011fc   0x000011fc   0x00000084   Code   RO          464    .text.svcRtxKernelStart  RTX_CM0.lib(rtx_kernel.o)
    0x00001280   0x00001280   0x000000e8   Code   RO          679    .text.svcRtxMessageQueueGet  RTX_CM0.lib(rtx_msgqueue.o)
    0x00001368   0x00001368   0x000001e4   Code   RO          665    .text.svcRtxMessageQueueNew  RTX_CM0.lib(rtx_msgqueue.o)
    0x0000154c   0x0000154c   0x000000bc   Code   RO          675    .text.svcRtxMessageQueuePut  RTX_CM0.lib(rtx_msgqueue.o)
    0x00001608   0x00001608   0x0000006c   Code   RO          595    .text.svcRtxThreadExit  RTX_CM0.lib(rtx_thread.o)
    0x00001674   0x00001674   0x000001ec   Code   RO          519    .text.svcRtxThreadNew  RTX_CM0.lib(rtx_thread.o)
    0x00001860   0x00001860   0x00000190   Code   RO          391    i.SystemCoreClockUpdate  system_mkl25z4.o
    0x000019f0   0x000019f0   0x0000000c   Code   RO          392    i.SystemInit        system_mkl25z4.o
    0x000019fc   0x000019fc   0x0000005c   Code   RO            3    i.UART2_IRQHandler  main.o
    0x00001a58   0x00001a58   0x0000002e   Code   RO          923    i.__ARM_clz         mf_p.l(depilogue.o)
    0x00001a86   0x00001a86   0x0000001c   Code   RO          194    i.__ARM_common_switch8  led_control.o
    0x00001aa2   0x00001aa2   0x00000002   PAD
    0x00001aa4   0x00001aa4   0x00000078   Code   RO          112    i.__NVIC_SetPriority  init.o
    0x00001b1c   0x00001b1c   0x0000000e   Code   RO          931    i.__scatterload_copy  mc_p.l(handlers.o)
    0x00001b2a   0x00001b2a   0x0000000e   Code   RO          933    i.__scatterload_zeroinit  mc_p.l(handlers.o)
    0x00001b38   0x00001b38   0x00000020   Code   RO          204    i.antiClockwise     motor_control.o
    0x00001b58   0x00001b58   0x00000024   Code   RO          205    i.backward          motor_control.o
    0x00001b7c   0x00001b7c   0x00000024   Code   RO          206    i.backwardLeft      motor_control.o
    0x00001ba0   0x00001ba0   0x00000024   Code   RO          207    i.backwardRight     motor_control.o
    0x00001bc4   0x00001bc4   0x00000014   Code   RO          167    i.blinkRedLED       led_control.o
    0x00001bd8   0x00001bd8   0x00000070   Code   RO          272    i.changeNoteAlt     audio.o
    0x00001c48   0x00001c48   0x00000070   Code   RO          273    i.changeNoteMain    audio.o
    0x00001cb8   0x00001cb8   0x00000020   Code   RO          208    i.clockwise         motor_control.o
    0x00001cd8   0x00001cd8   0x000000b0   Code   RO          168    i.cycleGreenLED     led_control.o
    0x00001d88   0x00001d88   0x00000024   Code   RO          209    i.forward           motor_control.o
    0x00001dac   0x00001dac   0x00000024   Code   RO          210    i.forwardLeft       motor_control.o
    0x00001dd0   0x00001dd0   0x00000024   Code   RO          211    i.forwardRight      motor_control.o
    0x00001df4   0x00001df4   0x00000090   Code   RO          113    i.initBUZZER        init.o
    0x00001e84   0x00001e84   0x00000014   Code   RO          114    i.initGPIO          init.o
    0x00001e98   0x00001e98   0x0000012c   Code   RO          115    i.initLED           init.o
    0x00001fc4   0x00001fc4   0x000001fc   Code   RO          116    i.initMotor         init.o
    0x000021c0   0x000021c0   0x000000bc   Code   RO          117    i.initUART2         init.o
    0x0000227c   0x0000227c   0x000000c8   Code   RO            4    i.main              main.o
    0x00002344   0x00002344   0x00000020   Code   RO          351    i.osRtxErrorNotify  rtx_config.o
    0x00002364   0x00002364   0x00000004   Code   RO          352    i.osRtxIdleThread   rtx_config.o
    0x00002368   0x00002368   0x00000068   Code   RO          169    i.setGreenLED       led_control.o
    0x000023d0   0x000023d0   0x00000038   Code   RO          274    i.setNote           audio.o
    0x00002408   0x00002408   0x00000018   Code   RO          212    i.stop              motor_control.o
    0x00002420   0x00002420   0x00000014   Code   RO          275    i.stopNote          audio.o
    0x00002434   0x00002434   0x00000094   Code   RO            5    i.tBrain            main.o
    0x000024c8   0x000024c8   0x00000034   Code   RO            6    i.tBuzzer           main.o
    0x000024fc   0x000024fc   0x00000048   Code   RO            7    i.tGreenLED         main.o
    0x00002544   0x00002544   0x0000007c   Code   RO            8    i.tMotor            main.o
    0x000025c0   0x000025c0   0x0000003c   Code   RO            9    i.tRedLED           main.o
    0x000025fc   0x000025fc   0x00000064   Data   RO          321    .constdata          rtx_lib.o
    0x00002660   0x00002660   0x000000a0   Data   RO          323    .rodata             rtx_lib.o
    0x00002700   0x00002700   0x0000000b   Data   RO          476    .rodata.str1.4      RTX_CM0.lib(rtx_kernel.o)
    0x0000270b   0x0000270b   0x00000001   PAD
    0x0000270c   0x0000270c   0x00000020   Data   RO          929    Region$$Table       anon$$obj.o


    Execution Region ER_RW (Exec base: 0x1ffff000, Load base: 0x0000272c, Size: 0x00001828, Max: 0xffffffff, ABSOLUTE, COMPRESSED[0x000000f8])

    Exec Addr    Load Addr    Size         Type   Attr      Idx    E Section Name        Object

    0x1ffff000   COMPRESSED   0x00001040   Data   RW          316    .bss.os             rtx_lib.o
    0x20000040   COMPRESSED   0x00000034   Data   RW          317    .bss.os.msgqueue.cb  rtx_lib.o
    0x20000074   COMPRESSED   0x00000050   Data   RW          318    .bss.os.msgqueue.mem  rtx_lib.o
    0x200000c4   COMPRESSED   0x00000088   Data   RW          319    .bss.os.thread.cb   rtx_lib.o
    0x2000014c   COMPRESSED   0x00000004   PAD
    0x20000150   COMPRESSED   0x00000200   Data   RW          320    .bss.os.thread.stack  rtx_lib.o
    0x20000350   COMPRESSED   0x00000018   Data   RW           10    .data               main.o
    0x20000368   COMPRESSED   0x00000418   Data   RW          276    .data               audio.o
    0x20000780   COMPRESSED   0x00000004   Data   RW          393    .data               system_mkl25z4.o
    0x20000784   COMPRESSED   0x000000a4   Data   RW          477    .data.os            RTX_CM0.lib(rtx_kernel.o)


    Execution Region ER_ZI (Exec base: 0x20000828, Load base: 0x00002824, Size: 0x00000108, Max: 0xffffffff, ABSOLUTE)

    Exec Addr    Load Addr    Size         Type   Attr      Idx    E Section Name        Object

    0x20000828        -       0x00000001   Zero   RW          876    .bss.PendST         RTX_CM0.lib(os_systick.o)
    0x20000829   0x00002824   0x00000007   PAD
    0x20000830        -       0x00000100   Zero   RW          379    STACK               startup_mkl25z4.o


==============================================================================

Image component sizes


      Code (inc. data)   RO Data    RW Data    ZI Data      Debug   Object Name

       300         58          0       1048          0       2555   audio.o
      1280        100          0          0          0      10826   init.o
       328         28          0          0          0       1360   led_control.o
       748        100          0         24          0     231424   main.o
       304        108          0          0          0       3256   motor_control.o
        36          8          0          0          0        893   rtx_config.o
         0          0        260       4940          0       9178   rtx_lib.o
        56         30        192          0        256        792   startup_mkl25z4.o
       412         42          0          4          0       1407   system_mkl25z4.o

    ----------------------------------------------------------------------
      3466        474        484       6020        256     261691   Object Totals
         0          0         32          0          0          0   (incl. Generated)
         2          0          0          4          0          0   (incl. Padding)

    ----------------------------------------------------------------------

      Code (inc. data)   RO Data    RW Data    ZI Data      Debug   Library Member Name

       164          8          0          0          0        496   irq_cm0.o
       138         32          0          0          1       2766   os_systick.o
        58          4          0          0          0       2753   rtx_delay.o
       538         36         11        164          0      16105   rtx_kernel.o
       252          0          0          0          0       2564   rtx_memory.o
       166          0          0          0          0      14282   rtx_mempool.o
      1568         44          0          0          0      17889   rtx_msgqueue.o
        68          0          0          0          0       9201   rtx_mutex.o
       352         26          0          0          0       4635   rtx_system.o
      1576         96          0          0          0      30867   rtx_thread.o
       232         20          0          0          0      10018   rtx_timer.o
        86          0          0          0          0          0   __dczerorl2.o
         0          0          0          0          0          0   entry.o
         0          0          0          0          0          0   entry10a.o
         0          0          0          0          0          0   entry11a.o
         8          4          0          0          0          0   entry2.o
         4          0          0          0          0          0   entry5.o
         0          0          0          0          0          0   entry7b.o
         0          0          0          0          0          0   entry8b.o
         8          4          0          0          0          0   entry9a.o
        30          0          0          0          0          0   handlers.o
        40          0          0          0          0         72   idiv.o
        36          8          0          0          0         68   init.o
         0          0          0          0          0          0   iusefp.o
        32          0          0          0          0         68   llshl.o
        34          0          0          0          0         68   llushr.o
        36          0          0          0          0         60   memcpya.o
        36          0          0          0          0        100   memseta.o
        44          0          0          0          0         72   uidiv.o
       236          0          0          0          0        216   depilogue.o
        60         10          0          0          0         68   dfixui.o
        40          6          0          0          0         68   dflti.o
       208          6          0          0          0         88   dmul.o

    ----------------------------------------------------------------------
      6066        304         12        164          8     112524   Library Totals
        16          0          1          0          7          0   (incl. Padding)

    ----------------------------------------------------------------------

      Code (inc. data)   RO Data    RW Data    ZI Data      Debug   Library Name

      5112        266         11        164          1     111576   RTX_CM0.lib
       394         16          0          0          0        508   mc_p.l
       544         22          0          0          0        440   mf_p.l

    ----------------------------------------------------------------------
      6066        304         12        164          8     112524   Library Totals

    ----------------------------------------------------------------------

==============================================================================


      Code (inc. data)   RO Data    RW Data    ZI Data      Debug   

      9532        778        496       6184        264     372395   Grand Totals
      9532        778        496        248        264     372395   ELF Image Totals (compressed)
      9532        778        496        248          0          0   ROM Totals

==============================================================================

    Total RO  Size (Code + RO Data)                10028 (   9.79kB)
    Total RW  Size (RW Data + ZI Data)              6448 (   6.30kB)
    Total ROM Size (Code + RO Data + RW Data)      10276 (  10.04kB)

==============================================================================

